ESP-ROM:esp32c3-api1-20210207
Build:Feb  7 2021
rst:0x15 (USB_UART_CHIP_RESET),boot:0xd (SPI_FAST_FLASH_BOOT)
Saved PC:0x4004c62e
SPIWP:0xee
mode:DIO, clock div:1
load:0x3fcd5820,len:0x1738
load:0x403cc710,len:0xb9c
load:0x403ce710,len:0x2e40
entry 0x403cc71a
[0;32mI (24) boot: ESP-IDF v5.2.1 2nd stage bootloader[0m
[0;32mI (24) boot: compile time Aug 28 2025 21:11:47[0m
[0;32mI (25) boot: chip revision: v0.4[0m
[0;32mI (27) boot.esp32c3: SPI Speed      : 80MHz[0m
[0;32mI (32) boot.esp32c3: SPI Mode       : DIO[0m
[0;32mI (37) boot.esp32c3: SPI Flash Size : 2MB[0m
[0;32mI (42) boot: Enabling RNG early entropy source...[0m
[0;32mI (47) boot: Partition Table:[0m
[0;32mI (51) boot: ## Label            Usage          Type ST Offset   Length[0m
[0;32mI (58) boot:  0 nvs              WiFi data        01 02 00009000 00006000[0m
[0;32mI (65) boot:  1 phy_init         RF data          01 01 0000f000 00001000[0m
[0;32mI (73) boot:  2 factory          factory app      00 00 00010000 00100000[0m
[0;32mI (80) boot: End of partition table[0m
[0;32mI (84) esp_image: segment 0: paddr=00010020 vaddr=3c020020 size=0b100h ( 45312) map[0m
[0;32mI (100) esp_image: segment 1: paddr=0001b128 vaddr=3fc8c200 size=01254h (  4692) load[0m
[0;32mI (102) esp_image: segment 2: paddr=0001c384 vaddr=40380000 size=03c94h ( 15508) load[0m
[0;32mI (113) esp_image: segment 3: paddr=00020020 vaddr=42000020 size=19ee0h (106208) map[0m
[0;32mI (135) esp_image: segment 4: paddr=00039f08 vaddr=40383c94 size=08460h ( 33888) load[0m
[0;32mI (145) boot: Loaded app from partition at offset 0x10000[0m
[0;32mI (145) boot: Disabling RNG early entropy source...[0m
[0;32mI (157) cpu_start: Unicore app[0m
[0;32mI (165) cpu_start: Pro cpu start user code[0m
[0;32mI (165) cpu_start: cpu freq: 160000000 Hz[0m
[0;32mI (165) cpu_start: Application information:[0m
[0;32mI (168) cpu_start: Project name:     N05_Estufa_Termica[0m
[0;32mI (174) cpu_start: App version:      ec1f90f-dirty[0m
[0;32mI (180) cpu_start: Compile time:     Aug 28 2025 21:10:23[0m
[0;32mI (186) cpu_start: ELF file SHA256:  934130bf3...[0m
[0;32mI (191) cpu_start: ESP-IDF:          v5.2.1[0m
[0;32mI (196) cpu_start: Min chip rev:     v0.3[0m
[0;32mI (201) cpu_start: Max chip rev:     v1.99 [0m
[0;32mI (206) cpu_start: Chip rev:         v0.4[0m
[0;32mI (210) heap_init: Initializing. RAM available for dynamic allocation:[0m
[0;32mI (218) heap_init: At 3FC8E400 len 00031C00 (199 KiB): RAM[0m
[0;32mI (224) heap_init: At 3FCC0000 len 0001C710 (113 KiB): Retention RAM[0m
[0;32mI (231) heap_init: At 3FCDC710 len 00002950 (10 KiB): Retention RAM[0m
[0;32mI (238) heap_init: At 50000010 len 00001FD8 (7 KiB): RTCRAM[0m
[0;32mI (245) spi_flash: detected chip: generic[0m
[0;32mI (249) spi_flash: flash io: dio[0m
[0;33mW (252) spi_flash: Detected size(4096k) larger than the size in the binary image header(2048k). Using the size in the binary image header.[0m
[0;32mI (266) sleep: Configure to isolate all GPIO pins in sleep state[0m
[0;32mI (272) sleep: Enable automatic switching of GPIO sleep configuration[0m
[0;32mI (280) main_task: Started on CPU0[0m
[0;32mI (280) main_task: Calling app_main()[0m
[0;32mI (280) SENSOR_READER: Leitor de sensor iniciado. Escutando em UART1 (RX: GPIO4)[0m
ZZï¿½	ï¿½	&
W
f
=
ï¿½
d
z
ï¿½
q
v
b
[
ï¿½
`
u
ï¿½
ï¿½
ï¿½
ï¿½
ï¿½
ï¿½
ï¿½
ï¿½
ï¿½
{
y
ï¿½
C
7


7
L
k
S
B
J
Y
~
n
f
a
ï¿½
a
ï¿½
r
ï¿½
ï¿½
ï¿½
ï¿½
ï¿½
ï¿½
ï¿½
ï¿½
ï¿½
ï¿½
ï¿½
v
^
g
M

:
_
i
j
ï¿½
ï¿½
Z
q
ï¿½
ï¿½
ï¿½
y
|
y
ï¿½
ï¿½
ï¿½
ï¿½
ï¿½
ï¿½
ï¿½
ï¿½
ï¿½
ï¿½
ï¿½
ï¿½
ï¿½
ï¿½
ï¿½
~
9
:
C
]
i
n
h
y
]
ï¿½
ï¿½
ï¿½
ï¿½
ï¿½
ï¿½
ï¿½
ï¿½
ï¿½
ï¿½
ï¿½
#!ï¿½
ï¿½
ï¿½
ï¿½
ï¿½
ï¿½
