Command: /home/mrclnndrd/.espressif/python_env/idf5.5_py3.11_env/bin/python /home/mrclnndrd/esp/esp-idf/tools/idf_monitor.py -p /dev/ttyUSB0 -b 115200 --toolchain-prefix xtensa-esp32-elf- --target esp32 --revision 0 /home/mrclnndrd/projetos/greense/client/N06_Sensor_Campo_C/build/sensor_campo.elf /home/mrclnndrd/projetos/greense/client/N06_Sensor_Campo_C/build/bootloader/bootloader.elf -m '/home/mrclnndrd/.espressif/python_env/idf5.5_py3.11_env/bin/python' '/home/mrclnndrd/esp/esp-idf/tools/idf.py'
ets Jul 29 2019 12:21:46

rst:0x1 (POWERON_RESET),boot:0x17 (SPI_FAST_FLASH_BOOT)
configsip: 0, SPIWP:0xee
clk_drv:0x00,q_drv:0x00,d_drv:0x00,cs0_drv:0x00,hd_drv:0x00,wp_drv:0x00
mode:DIO, clock div:2
load:0x3fff0030,len:6380
ho 0 tail 12 room 4
load:0x40078000,len:15904
load:0x40080400,len:3860
entry 0x40080638
[0;32mI (29) boot: ESP-IDF v5.5-dev-3372-g38628f98b9 2nd stage bootloader[0m
[0;32mI (29) boot: compile time Nov 25 2025 11:53:58[0m
[0;32mI (29) boot: Multicore bootloader[0m
[0;32mI (32) boot: chip revision: v3.1[0m
[0;32mI (35) boot.esp32: SPI Speed      : 40MHz[0m
[0;32mI (39) boot.esp32: SPI Mode       : DIO[0m
[0;32mI (42) boot.esp32: SPI Flash Size : 4MB[0m
[0;32mI (46) boot: Enabling RNG early entropy source...[0m
[0;32mI (50) boot: Partition Table:[0m
[0;32mI (53) boot: ## Label            Usage          Type ST Offset   Length[0m
[0;32mI (59) boot:  0 nvs              WiFi data        01 02 00009000 00006000[0m
[0;32mI (66) boot:  1 phy_init         RF data          01 01 0000f000 00001000[0m
[0;32mI (72) boot:  2 factory          factory app      00 00 00010000 00100000[0m
[0;32mI (79) boot:  3 spiffs           Unknown data     01 82 00110000 002f0000[0m
[0;32mI (85) boot: End of partition table[0m
[0;32mI (89) esp_image: segment 0: paddr=00010020 vaddr=3f400020 size=2695ch (158044) map[0m
[0;32mI (150) esp_image: segment 1: paddr=00036984 vaddr=3ff80000 size=0001ch (    28) load[0m
[0;32mI (150) esp_image: segment 2: paddr=000369a8 vaddr=3ffb0000 size=03ebch ( 16060) load[0m
[0;32mI (160) esp_image: segment 3: paddr=0003a86c vaddr=40080000 size=057ach ( 22444) load[0m
[0;32mI (170) esp_image: segment 4: paddr=00040020 vaddr=400d0020 size=9ce48h (642632) map[0m
[0;32mI (390) esp_image: segment 5: paddr=000dce70 vaddr=400857ac size=12568h ( 75112) load[0m
[0;32mI (431) boot: Loaded app from partition at offset 0x10000[0m
[0;32mI (431) boot: Disabling RNG early entropy source...[0m
[0;32mI (442) cpu_start: Multicore app[0m
[0;32mI (450) cpu_start: Pro cpu start user code[0m
[0;32mI (450) cpu_start: cpu freq: 160000000 Hz[0m
[0;32mI (450) app_init: Application information:[0m
[0;32mI (453) app_init: Project name:     sensor_campo[0m
[0;32mI (458) app_init: App version:      9006bb6b-dirty[0m
[0;32mI (464) app_init: Compile time:     Nov 25 2025 11:53:18[0m
[0;32mI (470) app_init: ELF file SHA256:  a3d5db6c1...[0m
[0;32mI (475) app_init: ESP-IDF:          v5.5-dev-3372-g38628f98b9[0m
[0;32mI (482) efuse_init: Min chip rev:     v0.0[0m
[0;32mI (486) efuse_init: Max chip rev:     v3.99 [0m
[0;32mI (491) efuse_init: Chip rev:         v3.1[0m
[0;32mI (496) heap_init: Initializing. RAM available for dynamic allocation:[0m
[0;32mI (503) heap_init: At 3FFAE6E0 len 00001920 (6 KiB): DRAM[0m
[0;32mI (509) heap_init: At 3FFB8040 len 00027FC0 (159 KiB): DRAM[0m
[0;32mI (516) heap_init: At 3FFE0440 len 00003AE0 (14 KiB): D/IRAM[0m
[0;32mI (522) heap_init: At 3FFE4350 len 0001BCB0 (111 KiB): D/IRAM[0m
[0;32mI (528) heap_init: At 40097D14 len 000082EC (32 KiB): IRAM[0m
[0;32mI (536) spi_flash: detected chip: generic[0m
[0;32mI (539) spi_flash: flash io: dio[0m
[0;32mI (544) main_task: Started on CPU0[0m
[0;32mI (554) main_task: Calling app_main()[0m
[0;32mI (574) BSP_LED: LED inicializado no GPIO 2[0m
[0;32mI (574) BSP_DS18B20: DS18B20 inicializado no GPIO 4[0m
[0;32mI (574) BSP_ADC: ADC umidade solo inicializado. canal=6 bitwidth=12 atten=3[0m
[0;32mI (574) BSP_SENSORS: Sensores BSP inicializados[0m
[0;32mI (584) APP_SENSOR_MGR: Sensor Manager inicializado[0m
[0;32mI (584) APP_DATA_LOGGER: Inicializando SPIFFS...[0m
[0;32mI (894) APP_DATA_LOGGER: SPIFFS montado em /spiffs[0m
[0;32mI (894) APP_DATA_LOGGER: Total=2293769 bytes, Usado=2038 bytes[0m
[0;32mI (1084) APP_DATA_LOGGER: Proximo indice de log sera: 1[0m
[0;33mW (1264) APP_DATA_LOGGER: Arquivo /spiffs/soil_calib.json nao encontrado. Usando padrao (Seco: 4000, Molhado: 400)[0m
[0;32mI (1274) APP_DATA_LOGGER: --- Lendo /spiffs/log_temp.csv ---[0m
[0;32mI (1274) APP_DATA_LOGGER: 1,25.00,50.00,25.69,0.00
[0m
[0;32mI (1284) APP_DATA_LOGGER: --- Fim do arquivo ---[0m
[0;32mI (1284) APP_DATA_LOGGER: Limpando todos os dados armazenados...[0m
[0;32mI (1294) APP_DATA_LOGGER: Arquivo /spiffs/log_temp.csv removido[0m
[0;33mW (1484) APP_DATA_LOGGER: Nao foi possivel remover /spiffs/soil_calib.json (pode nao existir)[0m
[0;32mI (1484) APP_DATA_LOGGER: Dados limpos. Sistema reiniciado do zero.[0m
[0;32mI (1494) APP_GUI_SERVICES: ServiÃ§os GUI registrados[0m
[0;32mI (1514) wifi:wifi driver task: 3ffc2244, prio:23, stack:6656, core=0[0m
[0;32mI (1524) wifi:wifi firmware version: 7d2994f4b[0m
[0;32mI (1524) wifi:wifi certification version: v7.0[0m
[0;32mI (1524) wifi:config NVS flash: enabled[0m
[0;32mI (1524) wifi:config nano formatting: disabled[0m
[0;32mI (1524) wifi:Init data frame dynamic rx buffer num: 32[0m
[0;32mI (1534) wifi:Init static rx mgmt buffer num: 5[0m
[0;32mI (1534) wifi:Init management short buffer num: 32[0m
[0;32mI (1544) wifi:Init dynamic tx buffer num: 32[0m
[0;32mI (1544) wifi:Init static rx buffer size: 1600[0m
[0;32mI (1544) wifi:Init static rx buffer num: 10[0m
[0;32mI (1554) wifi:Init dynamic rx buffer num: 32[0m
[0;32mI (1554) wifi_init: rx ba win: 6[0m
[0;32mI (1564) wifi_init: accept mbox: 6[0m
[0;32mI (1564) wifi_init: tcpip mbox: 32[0m
[0;32mI (1564) wifi_init: udp mbox: 6[0m
[0;32mI (1574) wifi_init: tcp mbox: 6[0m
[0;32mI (1574) wifi_init: tcp tx win: 5760[0m
[0;32mI (1584) wifi_init: tcp rx win: 5760[0m
[0;32mI (1584) wifi_init: tcp mss: 1440[0m
[0;32mI (1584) wifi_init: WiFi IRAM OP enabled[0m
[0;32mI (1594) wifi_init: WiFi RX IRAM OP enabled[0m
[0;32mI (1604) phy_init: phy_version 4860,6b7a6e5,Feb  6 2025,14:47:07[0m
[0;32mI (1684) phy_init: Saving new calibration data due to checksum failure or outdated calibration data, mode(0)[0m
[0;32mI (1714) wifi:mode : softAP (38:18:2b:ea:b7:cd)[0m
[0;32mI (1714) wifi:Total power save buffer number: 16[0m
[0;32mI (1714) wifi:Init max length of beacon: 752/752[0m
[0;32mI (1724) wifi:Init max length of beacon: 752/752[0m
[0;32mI (1724) BSP_WIFI_AP: Modo AP iniciado. SSID='ESP32_TEMP' senha='12345678'[0m
[0;32mI (1724) esp_netif_lwip: DHCP server started on interface WIFI_AP_DEF with IP: 192.168.4.1[0m
[0;32mI (1744) GUI_HTTP_SERVER: Servidor HTTP iniciado e rotas registradas. Acesse http://192.168.4.1/[0m
[0;32mI (1754) APP_MAIN: Sistema iniciado - Arquitetura BSP/APP/GUI[0m
[0;32mI (1754) main_task: Returned from app_main()[0m
[0;32mI (3284) APP_MAIN: Log salvo! Temp Solo: 25.69 C, Umid Solo: 0.00 %[0m
ï¿½ï¿½ï¿½ï¿½ï¿½ï¿½ï¿½ï¿½ï¿½ï¿½ï¿½ï¿½ï¿½ï¿½ï¿½ï¿½ï¿½ï¿½ï¿½ï¿½ï¿½ï¿½ï¿½ï¿½ï¿½ï¿½ï¿½ï¿½ï¿½ï¿½ï¿½ï¿½ï¿½ï¿½ï¿½ï¿½ï¿½ï¿½ï¿½ï¿½ï¿½ï¿½ï¿½ï¿½ï¿½ï¿½ï¿½ï¿½ï¿½ï¿½ï¿½ï¿½ï¿½ï¿½ï¿½ï¿½ï¿½ï¿½ï¿½ï¿½ï¿½ï¿½ï¿½ï¿½alvo! Temp Solo: 25.69 C, Umid Solo: 0.00 %[0m
[0;32mI (16554) wifi:new:<1,0>, old:<1,1>, ap:<1,1>, sta:<255,255>, prof:1, snd_ch_cfg:0x0[0m
[0;32mI (16564) wifi:station: 96:62:32:cc:84:05 join, AID=1, bgn, 20[0m
[0;32mI (16614) BSP_WIFI_AP: Cliente 96:62:32:cc:84:05 conectou, AID=1[0m
[0;32mI (16744) wifi:<ba-add>idx:2 (ifx:1, 96:62:32:cc:84:05), tid:0, ssn:0, winSize:64[0m
[0;32mI (16774) esp_netif_lwip: DHCP server assigned IP to a client, IP is: 192.168.4.2[0m
Guru Meditation Error: Core  0 panic'ed (IllegalInstruction). Exception was unhandled.

Core  0 register dump:
PC      : 0x38433745  PS      : 0x00060330  A0      : 0x800ec064  A1      : 0x3ffcd180  
A2      : 0x3ffca0e4  A3      : 0x3ffca0ec  A4      : 0x00000001  A5      : 0x00000000  
A6      : 0x3ffcd200  A7      : 0x3ffba300  A8      : 0x800d960f  A9      : 0x3ffcd160  
A10     : 0x38433745  A11     : 0x3ffca0ec  A12     : 0x00000001  A13     : 0xffffffff  
A14     : 0x3ffca308  A15     : 0x3ffcd250  SAR     : 0x00000020  EXCCAUSE: 0x00000000  
EXCVADDR: 0x00000000  LBEG    : 0x400014fd  LEND    : 0x4000150d  LCOUNT  : 0xffffffff  


Backtrace: 0x38433742:0x3ffcd180 |<-CORRUPTED




ELF file SHA256: a3d5db6c1

Rebooting...
ets Jul 29 2019 12:21:46

rst:0xc (SW_CPU_RESET),boot:0x17 (SPI_FAST_FLASH_BOOT)
configsip: 0, SPIWP:0xee
clk_drv:0x00,q_drv:0x00,d_drv:0x00,cs0_drv:0x00,hd_drv:0x00,wp_drv:0x00
mode:DIO, clock div:2
load:0x3fff0030,len:6380
ho 0 tail 12 room 4
load:0x40078000,len:15904
load:0x40080400,len:3860
entry 0x40080638
[0;32mI (29) boot: ESP-IDF v5.5-dev-3372-g38628f98b9 2nd stage bootloader[0m
[0;32mI (29) boot: compile time Nov 25 2025 11:53:58[0m
[0;32mI (29) boot: Multicore bootloader[0m
[0;32mI (32) boot: chip revision: v3.1[0m
[0;32mI (35) boot.esp32: SPI Speed      : 40MHz[0m
[0;32mI (39) boot.esp32: SPI Mode       : DIO[0m
[0;32mI (42) boot.esp32: SPI Flash Size : 4MB[0m
[0;32mI (46) boot: Enabling RNG early entropy source...[0m
[0;32mI (50) boot: Partition Table:[0m
[0;32mI (53) boot: ## Label            Usage          Type ST Offset   Length[0m
[0;32mI (59) boot:  0 nvs              WiFi data        01 02 00009000 00006000[0m
[0;32mI (66) boot:  1 phy_init         RF data          01 01 0000f000 00001000[0m
[0;32mI (72) boot:  2 factory          factory app      00 00 00010000 00100000[0m
[0;32mI (79) boot:  3 spiffs           Unknown data     01 82 00110000 002f0000[0m
[0;32mI (85) boot: End of partition table[0m
[0;32mI (89) esp_image: segment 0: paddr=00010020 vaddr=3f400020 size=2695ch (158044) map[0m
[0;32mI (150) esp_image: segment 1: paddr=00036984 vaddr=3ff80000 size=0001ch (    28) load[0m
[0;32mI (150) esp_image: segment 2: paddr=000369a8 vaddr=3ffb0000 size=03ebch ( 16060) load[0m
[0;32mI (160) esp_image: segment 3: paddr=0003a86c vaddr=40080000 size=057ach ( 22444) load[0m
[0;32mI (170) esp_image: segment 4: paddr=00040020 vaddr=400d0020 size=9ce48h (642632) map[0m
[0;32mI (390) esp_image: segment 5: paddr=000dce70 vaddr=400857ac size=12568h ( 75112) load[0m
[0;32mI (431) boot: Loaded app from partition at offset 0x10000[0m
[0;32mI (431) boot: Disabling RNG early entropy source...[0m
[0;32mI (442) cpu_start: Multicore app[0m
[0;32mI (450) cpu_start: Pro cpu start user code[0m
[0;32mI (450) cpu_start: cpu freq: 160000000 Hz[0m
[0;32mI (450) app_init: Application information:[0m
[0;32mI (453) app_init: Project name:     sensor_campo[0m
[0;32mI (458) app_init: App version:      9006bb6b-dirty[0m
[0;32mI (464) app_init: Compile time:     Nov 25 2025 11:53:18[0m
[0;32mI (470) app_init: ELF file SHA256:  a3d5db6c1...[0m
[0;32mI (475) app_init: ESP-IDF:          v5.5-dev-3372-g38628f98b9[0m
[0;32mI (481) efuse_init: Min chip rev:     v0.0[0m
[0;32mI (486) efuse_init: Max chip rev:     v3.99 [0m
[0;32mI (491) efuse_init: Chip rev:         v3.1[0m
[0;32mI (496) heap_init: Initializing. RAM available for dynamic allocation:[0m
[0;32mI (503) heap_init: At 3FFAE6E0 len 00001920 (6 KiB): DRAM[0m
[0;32mI (509) heap_init: At 3FFB8040 len 00027FC0 (159 KiB): DRAM[0m
[0;32mI (516) heap_init: At 3FFE0440 len 00003AE0 (14 KiB): D/IRAM[0m
[0;32mI (522) heap_init: At 3FFE4350 len 0001BCB0 (111 KiB): D/IRAM[0m
[0;32mI (528) heap_init: At 40097D14 len 000082EC (32 KiB): IRAM[0m
[0;32mI (536) spi_flash: detected chip: generic[0m
[0;32mI (539) spi_flash: flash io: dio[0m
[0;32mI (544) main_task: Started on CPU0[0m
[0;32mI (554) main_task: Calling app_main()[0m
[0;32mI (574) BSP_LED: LED inicializado no GPIO 2[0m
[0;32mI (574) BSP_DS18B20: DS18B20 inicializado no GPIO 4[0m
[0;32mI (574) BSP_ADC: ADC umidade solo inicializado. canal=6 bitwidth=12 atten=3[0m
[0;32mI (574) BSP_SENSORS: Sensores BSP inicializados[0m
[0;32mI (584) APP_SENSOR_MGR: Sensor Manager inicializado[0m
[0;32mI (584) APP_DATA_LOGGER: Inicializando SPIFFS...[0m
[0;32mI (894) APP_DATA_LOGGER: SPIFFS montado em /spiffs[0m
[0;32mI (894) APP_DATA_LOGGER: Total=2293769 bytes, Usado=2038 bytes[0m
[0;32mI (1084) APP_DATA_LOGGER: Proximo indice de log sera: 3[0m
[0;33mW (1274) APP_DATA_LOGGER: Arquivo /spiffs/soil_calib.json nao encontrado. Usando padrao (Seco: 4000, Molhado: 400)[0m
[0;32mI (1274) APP_DATA_LOGGER: --- Lendo /spiffs/log_temp.csv ---[0m
[0;32mI (1274) APP_DATA_LOGGER: 1,25.00,50.00,25.69,0.00
[0m
[0;32mI (1284) APP_DATA_LOGGER: 2,25.00,50.00,25.69,0.00
[0m
[0;32mI (1284) APP_DATA_LOGGER: --- Fim do arquivo ---[0m
[0;32mI (1294) APP_DATA_LOGGER: Limpando todos os dados armazenados...[0m
[0;32mI (1304) APP_DATA_LOGGER: Arquivo /spiffs/log_temp.csv removido[0m
[0;33mW (1494) APP_DATA_LOGGER: Nao foi possivel remover /spiffs/soil_calib.json (pode nao existir)[0m
[0;32mI (1494) APP_DATA_LOGGER: Dados limpos. Sistema reiniciado do zero.[0m
[0;32mI (1504) APP_GUI_SERVICES: ServiÃ§os GUI registrados[0m
[0;32mI (1514) wifi:wifi driver task: 3ffc21c0, prio:23, stack:6656, core=0[0m
[0;32mI (1524) wifi:wifi firmware version: 7d2994f4b[0m
[0;32mI (1524) wifi:wifi certification version: v7.0[0m
[0;32mI (1524) wifi:config NVS flash: enabled[0m
[0;32mI (1524) wifi:config nano formatting: disabled[0m
[0;32mI (1534) wifi:Init data frame dynamic rx buffer num: 32[0m
[0;32mI (1534) wifi:Init static rx mgmt buffer num: 5[0m
[0;32mI (1534) wifi:Init management short buffer num: 32[0m
[0;32mI (1544) wifi:Init dynamic tx buffer num: 32[0m
[0;32mI (1544) wifi:Init static rx buffer size: 1600[0m
[0;32mI (1554) wifi:Init static rx buffer num: 10[0m
[0;32mI (1554) wifi:Init dynamic rx buffer num: 32[0m
[0;32mI (1564) wifi_init: rx ba win: 6[0m
[0;32mI (1564) wifi_init: accept mbox: 6[0m
[0;32mI (1564) wifi_init: tcpip mbox: 32[0m
[0;32mI (1574) wifi_init: udp mbox: 6[0m
[0;32mI (1574) wifi_init: tcp mbox: 6[0m
[0;32mI (1574) wifi_init: tcp tx win: 5760[0m
[0;32mI (1584) wifi_init: tcp rx win: 5760[0m
[0;32mI (1584) wifi_init: tcp mss: 1440[0m
[0;32mI (1594) wifi_init: WiFi IRAM OP enabled[0m
[0;32mI (1594) wifi_init: WiFi RX IRAM OP enabled[0m
[0;32mI (1604) phy_init: phy_version 4860,6b7a6e5,Feb  6 2025,14:47:07[0m
[0;32mI (1694) phy_init: Saving new calibration data due to checksum failure or outdated calibration data, mode(0)[0m
[0;32mI (1734) wifi:mode : softAP (38:18:2b:ea:b7:cd)[0m
[0;32mI (1734) wifi:Total power save buffer number: 16[0m
[0;32mI (1744) wifi:Init max length of beacon: 752/752[0m
[0;32mI (1744) wifi:Init max length of beacon: 752/752[0m
[0;32mI (1744) BSP_WIFI_AP: Modo AP iniciado. SSID='ESP32_TEMP' senha='12345678'[0m
[0;32mI (1744) esp_netif_lwip: DHCP server started on interface WIFI_AP_DEF with IP: 192.168.4.1[0m
[0;32mI (1764) GUI_HTTP_SERVER: Servidor HTTP iniciado e rotas registradas. Acesse http://192.168.4.1/[0m
[0;32mI (1774) APP_MAIN: Sistema iniciado - Arquitetura BSP/APP/GUI[0m
[0;32mI (1774) main_task: Returned from app_main()[0m
[0;32mI (3324) APP_MAIN: Log salvo! Temp Solo: 25.69 C, Umid Solo: 0.00 %[0m
[0;32mI (6094) wifi:new:<1,0>, old:<1,1>, ap:<1,1>, sta:<255,255>, prof:1, snd_ch_cfg:0x0[0m
[0;32mI (6094) wifi:station: 96:62:32:cc:84:05 join, AID=1, bgn, 20[0m
[0;32mI (6164) BSP_WIFI_AP: Cliente 96:62:32:cc:84:05 conectou, AID=1[0m
[0;32mI (6324) wifi:<ba-add>idx:2 (ifx:1, 96:62:32:cc:84:05), tid:0, ssn:0, winSize:64[0m
[0;32mI (6334) esp_netif_lwip: DHCP server assigned IP to a client, IP is: 192.168.4.2[0m
Guru Meditation Error: Core  0 panic'ed (InstrFetchProhibited). Exception was unhandled.

Core  0 register dump:
PC      : 0x00001000  PS      : 0x00060330  A0      : 0x800ec064  A1      : 0x3ffcd200  
A2      : 0x3ffca164  A3      : 0x3ffca16c  A4      : 0x00000001  A5      : 0x00000000  
A6      : 0x3ffcd280  A7      : 0x3ffba300  A8      : 0x800d960f  A9      : 0x3ffcd1e0  
A10     : 0x00001000  A11     : 0x3ffca16c  A12     : 0x00000001  A13     : 0xffffffff  
A14     : 0x3ffca388  A15     : 0x3ffcd2d0  SAR     : 0x00000020  EXCCAUSE: 0x00000014  
EXCVADDR: 0x00001000  LBEG    : 0x400014fd  LEND    : 0x4000150d  LCOUNT  : 0xffffffff  


Backtrace: 0x00000ffd:0x3ffcd200 0x400ec061:0x3ffcd270 0x400eaf05:0x3ffcd2b0 0x400eafaa:0x3ffcd340 0x400eb580:0x3ffcd360 0x400e9ed6:0x3ffcd380 0x40164423:0x3ffcd3a0 0x400ea5d6:0x3ffcd3c0 0x400ea63e:0x3ffcd410 0x4008973d:0x3ffcd430




ELF file SHA256: a3d5db6c1

Rebooting...
ets Jul 29 2019 12:21:46

rst:0xc (SW_CPU_RESET),boot:0x17 (SPI_FAST_FLASH_BOOT)
configsip: 0, SPIWP:0xee
clk_drv:0x00,q_drv:0x00,d_drv:0x00,cs0_drv:0x00,hd_drv:0x00,wp_drv:0x00
mode:DIO, clock div:2
load:0x3fff0030,len:6380
ho 0 tail 12 room 4
load:0x40078000,len:15904
load:0x40080400,len:3860
entry 0x40080638
[0;32mI (29) boot: ESP-IDF v5.5-dev-3372-g38628f98b9 2nd stage bootloader[0m
[0;32mI (29) boot: compile time Nov 25 2025 11:53:58[0m
[0;32mI (29) boot: Multicore bootloader[0m
[0;32mI (32) boot: chip revision: v3.1[0m
[0;32mI (35) boot.esp32: SPI Speed      : 40MHz[0m
[0;32mI (39) boot.esp32: SPI Mode       : DIO[0m
[0;32mI (42) boot.esp32: SPI Flash Size : 4MB[0m
[0;32mI (46) boot: Enabling RNG early entropy source...[0m
[0;32mI (50) boot: Partition Table:[0m
[0;32mI (53) boot: ## Label            Usage          Type ST Offset   Length[0m
[0;32mI (59) boot:  0 nvs              WiFi data        01 02 00009000 00006000[0m
[0;32mI (66) boot:  1 phy_init         RF data          01 01 0000f000 00001000[0m
[0;32mI (72) boot:  2 factory          factory app      00 00 00010000 00100000[0m
[0;32mI (79) boot:  3 spiffs           Unknown data     01 82 00110000 002f0000[0m
[0;32mI (85) boot: End of partition table[0m
[0;32mI (89) esp_image: segment 0: paddr=00010020 vaddr=3f400020 size=2695ch (158044) map[0m
[0;32mI (150) esp_image: segment 1: paddr=00036984 vaddr=3ff80000 size=0001ch (    28) load[0m
[0;32mI (150) esp_image: segment 2: paddr=000369a8 vaddr=3ffb0000 size=03ebch ( 16060) load[0m
[0;32mI (160) esp_image: segment 3: paddr=0003a86c vaddr=40080000 size=057ach ( 22444) load[0m
[0;32mI (170) esp_image: segment 4: paddr=00040020 vaddr=400d0020 size=9ce48h (642632) map[0m
[0;32mI (390) esp_image: segment 5: paddr=000dce70 vaddr=400857ac size=12568h ( 75112) load[0m
[0;32mI (431) boot: Loaded app from partition at offset 0x10000[0m
[0;32mI (431) boot: Disabling RNG early entropy source...[0m
[0;32mI (442) cpu_start: Multicore app[0m
[0;32mI (450) cpu_start: Pro cpu start user code[0m
[0;32mI (450) cpu_start: cpu freq: 160000000 Hz[0m
[0;32mI (450) app_init: Application information:[0m
[0;32mI (453) app_init: Project name:     sensor_campo[0m
[0;32mI (458) app_init: App version:      9006bb6b-dirty[0m
[0;32mI (464) app_init: Compile time:     Nov 25 2025 11:53:18[0m
[0;32mI (470) app_init: ELF file SHA256:  a3d5db6c1...[0m
[0;32mI (475) app_init: ESP-IDF:          v5.5-dev-3372-g38628f98b9[0m
[0;32mI (482) efuse_init: Min chip rev:     v0.0[0m
[0;32mI (486) efuse_init: Max chip rev:     v3.99 [0m
[0;32mI (491) efuse_init: Chip rev:         v3.1[0m
[0;32mI (496) heap_init: Initializing. RAM available for dynamic allocation:[0m
[0;32mI (503) heap_init: At 3FFAE6E0 len 00001920 (6 KiB): DRAM[0m
[0;32mI (509) heap_init: At 3FFB8040 len 00027FC0 (159 KiB): DRAM[0m
[0;32mI (516) heap_init: At 3FFE0440 len 00003AE0 (14 KiB): D/IRAM[0m
[0;32mI (522) heap_init: At 3FFE4350 len 0001BCB0 (111 KiB): D/IRAM[0m
[0;32mI (528) heap_init: At 40097D14 len 000082EC (32 KiB): IRAM[0m
[0;32mI (536) spi_flash: detected chip: generic[0m
[0;32mI (539) spi_flash: flash io: dio[0m
[0;32mI (544) main_task: Started on CPU0[0m
[0;32mI (554) main_task: Calling app_main()[0m
[0;32mI (574) BSP_LED: LED inicializado no GPIO 2[0m
[0;32mI (574) BSP_DS18B20: DS18B20 inicializado no GPIO 4[0m
[0;32mI (574) BSP_ADC: ADC umidade solo inicializado. canal=6 bitwidth=12 atten=3[0m
[0;32mI (574) BSP_SENSORS: Sensores BSP inicializados[0m
[0;32mI (584) APP_SENSOR_MGR: Sensor Manager inicializado[0m
[0;32mI (584) APP_DATA_LOGGER: Inicializando SPIFFS...[0m
[0;32mI (894) APP_DATA_LOGGER: SPIFFS montado em /spiffs[0m
[0;32mI (894) APP_DATA_LOGGER: Total=2293769 bytes, Usado=2038 bytes[0m
[0;32mI (1084) APP_DATA_LOGGER: Proximo indice de log sera: 1[0m
[0;33mW (1274) APP_DATA_LOGGER: Arquivo /spiffs/soil_calib.json nao encontrado. Usando padrao (Seco: 4000, Molhado: 400)[0m
[0;32mI (1274) APP_DATA_LOGGER: --- Lendo /spiffs/log_temp.csv ---[0m
[0;32mI (1274) APP_DATA_LOGGER: 1,25.00,50.00,25.69,0.00
[0m
[0;32mI (1284) APP_DATA_LOGGER: --- Fim do arquivo ---[0m
[0;32mI (1284) APP_DATA_LOGGER: Limpando todos os dados armazenados...[0m
[0;32mI (1294) APP_DATA_LOGGER: Arquivo /spiffs/log_temp.csv removido[0m
[0;33mW (1484) APP_DATA_LOGGER: Nao foi possivel remover /spiffs/soil_calib.json (pode nao existir)[0m
[0;32mI (1484) APP_DATA_LOGGER: Dados limpos. Sistema reiniciado do zero.[0m
[0;32mI (1494) APP_GUI_SERVICES: ServiÃ§os GUI registrados[0m
[0;32mI (1514) wifi:wifi driver task: 3ffc2244, prio:23, stack:6656, core=0[0m
[0;32mI (1524) wifi:wifi firmware version: 7d2994f4b[0m
[0;32mI (1524) wifi:wifi certification version: v7.0[0m
[0;32mI (1524) wifi:config NVS flash: enabled[0m
[0;32mI (1524) wifi:config nano formatting: disabled[0m
[0;32mI (1524) wifi:Init data frame dynamic rx buffer num: 32[0m
[0;32mI (1534) wifi:Init static rx mgmt buffer num: 5[0m
[0;32mI (1534) wifi:Init management short buffer num: 32[0m
[0;32mI (1544) wifi:Init dynamic tx buffer num: 32[0m
[0;32mI (1544) wifi:Init static rx buffer size: 1600[0m
[0;32mI (1544) wifi:Init static rx buffer num: 10[0m
[0;32mI (1554) wifi:Init dynamic rx buffer num: 32[0m
[0;32mI (1554) wifi_init: rx ba win: 6[0m
[0;32mI (1564) wifi_init: accept mbox: 6[0m
[0;32mI (1564) wifi_init: tcpip mbox: 32[0m
[0;32mI (1564) wifi_init: udp mbox: 6[0m
[0;32mI (1574) wifi_init: tcp mbox: 6[0m
[0;32mI (1574) wifi_init: tcp tx win: 5760[0m
[0;32mI (1584) wifi_init: tcp rx win: 5760[0m
[0;32mI (1584) wifi_init: tcp mss: 1440[0m
[0;32mI (1584) wifi_init: WiFi IRAM OP enabled[0m
[0;32mI (1594) wifi_init: WiFi RX IRAM OP enabled[0m
[0;32mI (1604) phy_init: phy_version 4860,6b7a6e5,Feb  6 2025,14:47:07[0m
[0;32mI (1684) phy_init: Saving new calibration data due to checksum failure or outdated calibration data, mode(0)[0m
[0;32mI (1714) wifi:mode : softAP (38:18:2b:ea:b7:cd)[0m
[0;32mI (1714) wifi:Total power save buffer number: 16[0m
[0;32mI (1714) wifi:Init max length of beacon: 752/752[0m
[0;32mI (1724) wifi:Init max length of beacon: 752/752[0m
[0;32mI (1724) BSP_WIFI_AP: Modo AP iniciado. SSID='ESP32_TEMP' senha='12345678'[0m
[0;32mI (1724) esp_netif_lwip: DHCP server started on interface WIFI_AP_DEF with IP: 192.168.4.1[0m
[0;32mI (1744) GUI_HTTP_SERVER: Servidor HTTP iniciado e rotas registradas. Acesse http://192.168.4.1/[0m
[0;32mI (1754) APP_MAIN: Sistema iniciado - Arquitetura BSP/APP/GUI[0m
[0;32mI (1754) main_task: Returned from app_main()[0m
[0;32mI (3314) APP_MAIN: Log salvo! Temp Solo: 25.69 C, Umid Solo: 0.00 %[0m
[0;32mI (14304) APP_MAIN: Log salvo! Temp Solo: 25.69 C, Umid Solo: 0.00 %[0m
[0;32mI (25064) APP_MAIN: Log salvo! Temp Solo: 25.69 C, Umid Solo: 0.00 %[0m
[0;32mI (36054) APP_MAIN: Log salvo! Temp Solo: 25.69 C, Umid Solo: 0.00 %[0m
[0;32mI (47044) APP_MAIN: Log salvo! Temp Solo: 25.62 C, Umid Solo: 0.00 %[0m
[0;32mI (57804) APP_MAIN: Log salvo! Temp Solo: 25.62 C, Umid Solo: 0.00 %[0m
[0;32mI (68794) APP_MAIN: Log salvo! Temp Solo: 25.69 C, Umid Solo: 0.00 %[0m
[0;32mI (79784) APP_MAIN: Log salvo! Temp Solo: 25.69 C, Umid Solo: 0.00 %[0m
[0;32mI (90544) APP_MAIN: Log salvo! Temp Solo: 25.69 C, Umid Solo: 0.00 %[0m
[0;32mI (101534) APP_MAIN: Log salvo! Temp Solo: 25.69 C, Umid Solo: 0.00 %[0m
ï¿½ï¿½ï¿½ï¿½ï¿½ï¿½ï¿½ï¿½ï¿½ï¿½ï¿½ï¿½ï¿½ï¿½ï¿½ï¿½ï¿½ï¿½ï¿½ï¿½ï¿½ï¿½ï¿½ï¿½ï¿½ï¿½ï¿½ï¿½ï¿½ï¿½ï¿½ï¿½ï¿½ï¿½ï¿½ï¿½ï¿½ï¿½ï¿½ï¿½ï¿½ï¿½ï¿½ï¿½ï¿½ï¿½ï¿½ï¿½ï¿½ï¿½ï¿½ï¿½ï¿½ï¿½ï¿½ï¿½ï¿½ï¿½ï¿½ï¿½ï¿½ï¿½ï¿½ï¿½salvo! Temp Solo: 25.69 C, Umid Solo: 0.00 %[0m
[0;32mI (123284) APP_MAIN: Log salvo! Temp Solo: 25.69 C, Umid Solo: 0.00 %[0m
[0;32mI (134274) APP_MAIN: Log salvo! Temp Solo: 25.62 C, Umid Solo: 0.00 %[0m
[0;32mI (145264) APP_MAIN: Log salvo! Temp Solo: 25.62 C, Umid Solo: 0.00 %[0m
[0;32mI (156024) APP_MAIN: Log salvo! Temp Solo: 25.62 C, Umid Solo: 0.00 %[0m
[0;32mI (167014) APP_MAIN: Log salvo! Temp Solo: 25.69 C, Umid Solo: 0.00 %[0m
[0;32mI (178004) APP_MAIN: Log salvo! Temp Solo: 25.62 C, Umid Solo: 0.00 %[0m
[0;32mI (188764) APP_MAIN: Log salvo! Temp Solo: 25.62 C, Umid Solo: 0.00 %[0m
ï¿½ï¿½ï¿½ï¿½ï¿½ï¿½ï¿½ï¿½ï¿½ï¿½ï¿½ï¿½ï¿½ï¿½ï¿½ï¿½ï¿½ï¿½ï¿½ï¿½ï¿½ï¿½ï¿½ï¿½ï¿½ï¿½ï¿½ï¿½ï¿½ï¿½ï¿½ï¿½ï¿½ï¿½ï¿½ï¿½ï¿½ï¿½ï¿½ï¿½ï¿½ï¿½ï¿½ï¿½ï¿½ï¿½ï¿½ï¿½ï¿½ï¿½ï¿½ï¿½ï¿½ï¿½ï¿½ï¿½ï¿½ï¿½ï¿½ï¿½ï¿½ï¿½ï¿½ï¿½salvo! Temp Solo: 25.69 C, Umid Solo: 0.00 %[0m
[0;32mI (210744) APP_MAIN: Log salvo! Temp Solo: 25.62 C, Umid Solo: 0.00 %[0m
[0;32mI (221504) APP_MAIN: Log salvo! Temp Solo: 25.62 C, Umid Solo: 0.00 %[0m
[0;32mI (232494) APP_MAIN: Log salvo! Temp Solo: 25.69 C, Umid Solo: 0.00 %[0m
[0;32mI (243484) APP_MAIN: Log salvo! Temp Solo: 25.62 C, Umid Solo: 0.00 %[0m
[0;32mI (254244) APP_MAIN: Log salvo! Temp Solo: 25.62 C, Umid Solo: 0.00 %[0m
