Command: /home/mrclnndrd/.espressif/python_env/idf5.5_py3.11_env/bin/python /home/mrclnndrd/esp/esp-idf/tools/idf_monitor.py -p /dev/ttyUSB0 -b 115200 --toolchain-prefix xtensa-esp32-elf- --target esp32 --revision 0 /home/mrclnndrd/projetos/greense/client/N06_Sensor_Campo_C/build/sensor_campo.elf /home/mrclnndrd/projetos/greense/client/N06_Sensor_Campo_C/build/bootloader/bootloader.elf -m '/home/mrclnndrd/.espressif/python_env/idf5.5_py3.11_env/bin/python' '/home/mrclnndrd/esp/esp-idf/tools/idf.py'
ets Jul 29 2019 12:21:46

rst:0x1 (POWERON_RESET),boot:0x17 (SPI_FAST_FLASH_BOOT)
configsip: 0, SPIWP:0xee
clk_drv:0x00,q_drv:0x00,d_drv:0x00,cs0_drv:0x00,hd_drv:0x00,wp_drv:0x00
mode:DIO, clock div:2
load:0x3fff0030,len:6380
ho 0 tail 12 room 4
load:0x40078000,len:15904
load:0x40080400,len:3860
entry 0x40080638
[0;32mI (29) boot: ESP-IDF v5.5-dev-3372-g38628f98b9 2nd stage bootloader[0m
[0;32mI (29) boot: compile time Nov 25 2025 11:53:58[0m
[0;32mI (29) boot: Multicore bootloader[0m
[0;32mI (32) boot: chip revision: v3.1[0m
[0;32mI (35) boot.esp32: SPI Speed      : 40MHz[0m
[0;32mI (39) boot.esp32: SPI Mode       : DIO[0m
[0;32mI (42) boot.esp32: SPI Flash Size : 4MB[0m
[0;32mI (46) boot: Enabling RNG early entropy source...[0m
[0;32mI (50) boot: Partition Table:[0m
[0;32mI (53) boot: ## Label            Usage          Type ST Offset   Length[0m
[0;32mI (59) boot:  0 nvs              WiFi data        01 02 00009000 00006000[0m
[0;32mI (66) boot:  1 phy_init         RF data          01 01 0000f000 00001000[0m
[0;32mI (72) boot:  2 factory          factory app      00 00 00010000 00100000[0m
[0;32mI (79) boot:  3 spiffs           Unknown data     01 82 00110000 002f0000[0m
[0;32mI (85) boot: End of partition table[0m
[0;32mI (89) esp_image: segment 0: paddr=00010020 vaddr=3f400020 size=2694ch (158028) map[0m
[0;32mI (150) esp_image: segment 1: paddr=00036974 vaddr=3ff80000 size=0001ch (    28) load[0m
[0;32mI (150) esp_image: segment 2: paddr=00036998 vaddr=3ffb0000 size=03ebch ( 16060) load[0m
[0;32mI (160) esp_image: segment 3: paddr=0003a85c vaddr=40080000 size=057bch ( 22460) load[0m
[0;32mI (170) esp_image: segment 4: paddr=00040020 vaddr=400d0020 size=9ce38h (642616) map[0m
[0;32mI (390) esp_image: segment 5: paddr=000dce60 vaddr=400857bc size=12558h ( 75096) load[0m
[0;32mI (431) boot: Loaded app from partition at offset 0x10000[0m
[0;32mI (431) boot: Disabling RNG early entropy source...[0m
[0;32mI (442) cpu_start: Multicore app[0m
[0;32mI (450) cpu_start: Pro cpu start user code[0m
[0;32mI (450) cpu_start: cpu freq: 160000000 Hz[0m
[0;32mI (450) app_init: Application information:[0m
[0;32mI (453) app_init: Project name:     sensor_campo[0m
[0;32mI (458) app_init: App version:      9006bb6b-dirty[0m
[0;32mI (464) app_init: Compile time:     Nov 25 2025 11:53:18[0m
[0;32mI (470) app_init: ELF file SHA256:  be5225b34...[0m
[0;32mI (475) app_init: ESP-IDF:          v5.5-dev-3372-g38628f98b9[0m
[0;32mI (482) efuse_init: Min chip rev:     v0.0[0m
[0;32mI (486) efuse_init: Max chip rev:     v3.99 [0m
[0;32mI (491) efuse_init: Chip rev:         v3.1[0m
[0;32mI (496) heap_init: Initializing. RAM available for dynamic allocation:[0m
[0;32mI (503) heap_init: At 3FFAE6E0 len 00001920 (6 KiB): DRAM[0m
[0;32mI (509) heap_init: At 3FFB8040 len 00027FC0 (159 KiB): DRAM[0m
[0;32mI (516) heap_init: At 3FFE0440 len 00003AE0 (14 KiB): D/IRAM[0m
[0;32mI (522) heap_init: At 3FFE4350 len 0001BCB0 (111 KiB): D/IRAM[0m
[0;32mI (528) heap_init: At 40097D14 len 000082EC (32 KiB): IRAM[0m
[0;32mI (536) spi_flash: detected chip: generic[0m
[0;32mI (539) spi_flash: flash io: dio[0m
[0;32mI (544) main_task: Started on CPU0[0m
[0;32mI (554) main_task: Calling app_main()[0m
[0;32mI (574) BSP_LED: LED inicializado no GPIO 2[0m
[0;32mI (574) BSP_DS18B20: DS18B20 inicializado no GPIO 4[0m
[0;32mI (574) BSP_ADC: ADC umidade solo inicializado. canal=6 bitwidth=12 atten=3[0m
[0;32mI (574) BSP_SENSORS: Sensores BSP inicializados[0m
[0;32mI (584) APP_SENSOR_MGR: Sensor Manager inicializado[0m
[0;32mI (584) APP_DATA_LOGGER: Inicializando SPIFFS...[0m
[0;32mI (894) APP_DATA_LOGGER: SPIFFS montado em /spiffs[0m
[0;32mI (894) APP_DATA_LOGGER: Total=2293769 bytes, Usado=2038 bytes[0m
[0;32mI (1064) APP_DATA_LOGGER: Proximo indice de log sera: 1[0m
[0;33mW (1254) APP_DATA_LOGGER: Arquivo /spiffs/soil_calib.json nao encontrado. Usando padrao (Seco: 4000, Molhado: 400)[0m
[0;32mI (1254) APP_DATA_LOGGER: --- Lendo /spiffs/log_temp.csv ---[0m
[0;32mI (1264) APP_DATA_LOGGER: 1,25.00,50.00,26.12,0.00
[0m
[0;32mI (1264) APP_DATA_LOGGER: --- Fim do arquivo ---[0m
[0;32mI (1274) APP_DATA_LOGGER: Limpando todos os dados armazenados...[0m
[0;32mI (1284) APP_DATA_LOGGER: Arquivo /spiffs/log_temp.csv removido[0m
[0;33mW (1474) APP_DATA_LOGGER: Nao foi possivel remover /spiffs/soil_calib.json (pode nao existir)[0m
[0;32mI (1474) APP_DATA_LOGGER: Dados limpos. Sistema reiniciado do zero.[0m
[0;32mI (1484) APP_GUI_SERVICES: ServiÃ§os GUI registrados[0m
[0;32mI (1504) wifi:wifi driver task: 3ffc21c0, prio:23, stack:6656, core=0[0m
[0;32mI (1514) wifi:wifi firmware version: 7d2994f4b[0m
[0;32mI (1514) wifi:wifi certification version: v7.0[0m
[0;32mI (1514) wifi:config NVS flash: enabled[0m
[0;32mI (1514) wifi:config nano formatting: disabled[0m
[0;32mI (1514) wifi:Init data frame dynamic rx buffer num: 32[0m
[0;32mI (1524) wifi:Init static rx mgmt buffer num: 5[0m
[0;32mI (1524) wifi:Init management short buffer num: 32[0m
[0;32mI (1534) wifi:Init dynamic tx buffer num: 32[0m
[0;32mI (1534) wifi:Init static rx buffer size: 1600[0m
[0;32mI (1534) wifi:Init static rx buffer num: 10[0m
[0;32mI (1544) wifi:Init dynamic rx buffer num: 32[0m
[0;32mI (1544) wifi_init: rx ba win: 6[0m
[0;32mI (1554) wifi_init: accept mbox: 6[0m
[0;32mI (1554) wifi_init: tcpip mbox: 32[0m
[0;32mI (1554) wifi_init: udp mbox: 6[0m
[0;32mI (1564) wifi_init: tcp mbox: 6[0m
[0;32mI (1564) wifi_init: tcp tx win: 5760[0m
[0;32mI (1574) wifi_init: tcp rx win: 5760[0m
[0;32mI (1574) wifi_init: tcp mss: 1440[0m
[0;32mI (1574) wifi_init: WiFi IRAM OP enabled[0m
[0;32mI (1584) wifi_init: WiFi RX IRAM OP enabled[0m
[0;32mI (1594) phy_init: phy_version 4860,6b7a6e5,Feb  6 2025,14:47:07[0m
[0;32mI (1674) phy_init: Saving new calibration data due to checksum failure or outdated calibration data, mode(0)[0m
[0;32mI (1724) wifi:mode : softAP (38:18:2b:ea:b7:cd)[0m
[0;32mI (1724) wifi:Total power save buffer number: 16[0m
[0;32mI (1724) wifi:Init max length of beacon: 752/752[0m
[0;32mI (1734) wifi:Init max length of beacon: 752/752[0m
[0;32mI (1734) BSP_WIFI_AP: Modo AP iniciado. SSID='ESP32_TEMP' senha='12345678'[0m
[0;32mI (1734) esp_netif_lwip: DHCP server started on interface WIFI_AP_DEF with IP: 192.168.4.1[0m
[0;32mI (1754) GUI_HTTP_SERVER: Servidor HTTP iniciado e rotas registradas. Acesse http://192.168.4.1/[0m
[0;32mI (1764) APP_MAIN: Sistema iniciado - Arquitetura BSP/APP/GUI[0m
[0;32mI (1764) main_task: Returned from app_main()[0m
[0;32mI (3284) APP_MAIN: Log salvo! Temp Solo: 26.06 C, Umid Solo: 0.00 %[0m
[0;32mI (5984) wifi:new:<1,0>, old:<1,1>, ap:<1,1>, sta:<255,255>, prof:1, snd_ch_cfg:0x0[0m
[0;32mI (5984) wifi:station: 96:62:32:cc:84:05 join, AID=1, bgn, 20[0m
[0;32mI (6114) BSP_WIFI_AP: Cliente 96:62:32:cc:84:05 conectou, AID=1[0m
[0;32mI (6254) wifi:<ba-add>idx:2 (ifx:1, 96:62:32:cc:84:05), tid:0, ssn:0, winSize:64[0m
[0;32mI (6354) esp_netif_lwip: DHCP server assigned IP to a client, IP is: 192.168.4.2[0m
[0;32mI (7214) esp_netif_lwip: DHCP server assigned IP to a client, IP is: 192.168.4.2[0m
Guru Meditation Error: Core  0 panic'ed (InstrFetchProhibited). Exception was unhandled.

Core  0 register dump:
PC      : 0x0000006c  PS      : 0x00060530  A0      : 0x800ec054  A1      : 0x3ffcc260  
A2      : 0x3ffca164  A3      : 0x40123974  A4      : 0x3ffba300  A5      : 0x00000000  
A6      : 0x3ffcd280  A7      : 0x00000000  A8      : 0x800d9511  A9      : 0x3ffcc240  
A10     : 0x0000006c  A11     : 0x3ffca16c  A12     : 0x00000001  A13     : 0xffffffff  
A14     : 0x3ffca388  A15     : 0xc610d0e5  SAR     : 0x00000020  EXCCAUSE: 0x00000014  
EXCVADDR: 0x0000006c  LBEG    : 0x400014fd  LEND    : 0x4000150d  LCOUNT  : 0xffffffff  


Backtrace: 0x00000069:0x3ffcc260 0x400ec051:0x3ffcd270 0x400eaef5:0x3ffcd2b0 0x400eaf9a:0x3ffcd340 0x400eb570:0x3ffcd360 0x400e9ec6:0x3ffcd380 0x40164413:0x3ffcd3a0 0x400ea5c6:0x3ffcd3c0 0x400ea62e:0x3ffcd410 0x4008973d:0x3ffcd430




ELF file SHA256: be5225b34

Rebooting...
ets Jul 29 2019 12:21:46

rst:0xc (SW_CPU_RESET),boot:0x17 (SPI_FAST_FLASH_BOOT)
configsip: 0, SPIWP:0xee
clk_drv:0x00,q_drv:0x00,d_drv:0x00,cs0_drv:0x00,hd_drv:0x00,wp_drv:0x00
mode:DIO, clock div:2
load:0x3fff0030,len:6380
ho 0 tail 12 room 4
load:0x40078000,len:15904
load:0x40080400,len:3860
entry 0x40080638
[0;32mI (29) boot: ESP-IDF v5.5-dev-3372-g38628f98b9 2nd stage bootloader[0m
[0;32mI (29) boot: compile time Nov 25 2025 11:53:58[0m
[0;32mI (29) boot: Multicore bootloader[0m
[0;32mI (32) boot: chip revision: v3.1[0m
[0;32mI (35) boot.esp32: SPI Speed      : 40MHz[0m
[0;32mI (39) boot.esp32: SPI Mode       : DIO[0m
[0;32mI (42) boot.esp32: SPI Flash Size : 4MB[0m
[0;32mI (46) boot: Enabling RNG early entropy source...[0m
[0;32mI (50) boot: Partition Table:[0m
[0;32mI (53) boot: ## Label            Usage          Type ST Offset   Length[0m
[0;32mI (59) boot:  0 nvs              WiFi data        01 02 00009000 00006000[0m
[0;32mI (66) boot:  1 phy_init         RF data          01 01 0000f000 00001000[0m
[0;32mI (72) boot:  2 factory          factory app      00 00 00010000 00100000[0m
[0;32mI (79) boot:  3 spiffs           Unknown data     01 82 00110000 002f0000[0m
[0;32mI (85) boot: End of partition table[0m
[0;32mI (89) esp_image: segment 0: paddr=00010020 vaddr=3f400020 size=2694ch (158028) map[0m
[0;32mI (150) esp_image: segment 1: paddr=00036974 vaddr=3ff80000 size=0001ch (    28) load[0m
[0;32mI (150) esp_image: segment 2: paddr=00036998 vaddr=3ffb0000 size=03ebch ( 16060) load[0m
[0;32mI (160) esp_image: segment 3: paddr=0003a85c vaddr=40080000 size=057bch ( 22460) load[0m
[0;32mI (170) esp_image: segment 4: paddr=00040020 vaddr=400d0020 size=9ce38h (642616) map[0m
[0;32mI (390) esp_image: segment 5: paddr=000dce60 vaddr=400857bc size=12558h ( 75096) load[0m
[0;32mI (431) boot: Loaded app from partition at offset 0x10000[0m
[0;32mI (431) boot: Disabling RNG early entropy source...[0m
[0;32mI (442) cpu_start: Multicore app[0m
[0;32mI (450) cpu_start: Pro cpu start user code[0m
[0;32mI (450) cpu_start: cpu freq: 160000000 Hz[0m
[0;32mI (450) app_init: Application information:[0m
[0;32mI (453) app_init: Project name:     sensor_campo[0m
[0;32mI (458) app_init: App version:      9006bb6b-dirty[0m
[0;32mI (464) app_init: Compile time:     Nov 25 2025 11:53:18[0m
[0;32mI (470) app_init: ELF file SHA256:  be5225b34...[0m
[0;32mI (475) app_init: ESP-IDF:          v5.5-dev-3372-g38628f98b9[0m
[0;32mI (481) efuse_init: Min chip rev:     v0.0[0m
[0;32mI (486) efuse_init: Max chip rev:     v3.99 [0m
[0;32mI (491) efuse_init: Chip rev:         v3.1[0m
[0;32mI (496) heap_init: Initializing. RAM available for dynamic allocation:[0m
[0;32mI (503) heap_init: At 3FFAE6E0 len 00001920 (6 KiB): DRAM[0m
[0;32mI (509) heap_init: At 3FFB8040 len 00027FC0 (159 KiB): DRAM[0m
[0;32mI (516) heap_init: At 3FFE0440 len 00003AE0 (14 KiB): D/IRAM[0m
[0;32mI (522) heap_init: At 3FFE4350 len 0001BCB0 (111 KiB): D/IRAM[0m
[0;32mI (528) heap_init: At 40097D14 len 000082EC (32 KiB): IRAM[0m
[0;32mI (536) spi_flash: detected chip: generic[0m
[0;32mI (539) spi_flash: flash io: dio[0m
[0;32mI (544) main_task: Started on CPU0[0m
[0;32mI (554) main_task: Calling app_main()[0m
[0;32mI (574) BSP_LED: LED inicializado no GPIO 2[0m
[0;32mI (574) BSP_DS18B20: DS18B20 inicializado no GPIO 4[0m
[0;32mI (574) BSP_ADC: ADC umidade solo inicializado. canal=6 bitwidth=12 atten=3[0m
[0;32mI (574) BSP_SENSORS: Sensores BSP inicializados[0m
[0;32mI (584) APP_SENSOR_MGR: Sensor Manager inicializado[0m
[0;32mI (584) APP_DATA_LOGGER: Inicializando SPIFFS...[0m
[0;32mI (894) APP_DATA_LOGGER: SPIFFS montado em /spiffs[0m
[0;32mI (894) APP_DATA_LOGGER: Total=2293769 bytes, Usado=2038 bytes[0m
[0;32mI (1064) APP_DATA_LOGGER: Proximo indice de log sera: 1[0m
[0;33mW (1254) APP_DATA_LOGGER: Arquivo /spiffs/soil_calib.json nao encontrado. Usando padrao (Seco: 4000, Molhado: 400)[0m
[0;32mI (1254) APP_DATA_LOGGER: --- Lendo /spiffs/log_temp.csv ---[0m
[0;32mI (1264) APP_DATA_LOGGER: 1,25.00,50.00,26.06,0.00
[0m
[0;32mI (1274) APP_DATA_LOGGER: --- Fim do arquivo ---[0m
[0;32mI (1274) APP_DATA_LOGGER: Limpando todos os dados armazenados...[0m
[0;32mI (1284) APP_DATA_LOGGER: Arquivo /spiffs/log_temp.csv removido[0m
ï¿½ï¿½ï¿½ï¿½ï¿½ï¿½ï¿½ï¿½ï¿½ï¿½ï¿½ï¿½ï¿½ï¿½ï¿½ï¿½ï¿½ï¿½ï¿½ï¿½ï¿½ï¿½ï¿½ï¿½ï¿½ï¿½ï¿½ï¿½ï¿½ï¿½ï¿½ï¿½ï¿½ï¿½ï¿½ï¿½ï¿½ï¿½ï¿½ï¿½ï¿½ï¿½ï¿½ï¿½ï¿½ï¿½ï¿½ï¿½ï¿½ï¿½ï¿½ï¿½ï¿½ï¿½ï¿½ï¿½ï¿½ï¿½ï¿½ï¿½ï¿½ï¿½ï¿½ï¿½ Nao foi possivel remover /spiffs/soil_calib.json (pode nao existir)[0m
[0;32mI (1474) APP_DATA_LOGGER: Dados limpos. Sistema reiniciado do zero.[0m
[0;32mI (1484) APP_GUI_SERVICES: ServiÃ§os GUI registrados[0m
[0;32mI (1504) wifi:wifi driver task: 3ffc2244, prio:23, stack:6656, core=0[0m
[0;32mI (1514) wifi:wifi firmware version: 7d2994f4b[0m
[0;32mI (1514) wifi:wifi certification version: v7.0[0m
[0;32mI (1514) wifi:config NVS flash: enabled[0m
[0;32mI (1514) wifi:config nano formatting: disabled[0m
[0;32mI (1514) wifi:Init data frame dynamic rx buffer num: 32[0m
[0;32mI (1524) wifi:Init static rx mgmt buffer num: 5[0m
[0;32mI (1524) wifi:Init management short buffer num: 32[0m
[0;32mI (1534) wifi:Init dynamic tx buffer num: 32[0m
[0;32mI (1534) wifi:Init static rx buffer size: 1600[0m
[0;32mI (1534) wifi:Init static rx buffer num: 10[0m
[0;32mI (1544) wifi:Init dynamic rx buffer num: 32[0m
[0;32mI (1544) wifi_init: rx ba win: 6[0m
[0;32mI (1554) wifi_init: accept mbox: 6[0m
[0;32mI (1554) wifi_init: tcpip mbox: 32[0m
[0;32mI (1554) wifi_init: udp mbox: 6[0m
[0;32mI (1564) wifi_init: tcp mbox: 6[0m
[0;32mI (1564) wifi_init: tcp tx win: 5760[0m
[0;32mI (1574) wifi_init: tcp rx win: 5760[0m
[0;32mI (1574) wifi_init: tcp mss: 1440[0m
[0;32mI (1574) wifi_init: WiFi IRAM OP enabled[0m
[0;32mI (1584) wifi_init: WiFi RX IRAM OP enabled[0m
[0;32mI (1594) phy_init: phy_version 4860,6b7a6e5,Feb  6 2025,14:47:07[0m
[0;32mI (1674) wifi:mode : softAP (38:18:2b:ea:b7:cd)[0m
[0;32mI (1684) wifi:Total power save buffer number: 16[0m
[0;32mI (1684) wifi:Init max length of beacon: 752/752[0m
[0;32mI (1684) wifi:Init max length of beacon: 752/752[0m
[0;32mI (1694) BSP_WIFI_AP: Modo AP iniciado. SSID='ESP32_TEMP' senha='12345678'[0m
[0;32mI (1694) esp_netif_lwip: DHCP server started on interface WIFI_AP_DEF with IP: 192.168.4.1[0m
[0;32mI (1704) GUI_HTTP_SERVER: Servidor HTTP iniciado e rotas registradas. Acesse http://192.168.4.1/[0m
[0;32mI (1714) APP_MAIN: Sistema iniciado - Arquitetura BSP/APP/GUI[0m
[0;32mI (1724) main_task: Returned from app_main()[0m
[0;32mI (3244) APP_MAIN: Log salvo! Temp Solo: 26.00 C, Umid Solo: 0.00 %[0m
[0;32mI (6054) wifi:new:<1,0>, old:<1,1>, ap:<1,1>, sta:<255,255>, prof:1, snd_ch_cfg:0x0[0m
[0;32mI (6054) wifi:station: 96:62:32:cc:84:05 join, AID=1, bgn, 20[0m
[0;32mI (6104) BSP_WIFI_AP: Cliente 96:62:32:cc:84:05 conectou, AID=1[0m
[0;32mI (6264) wifi:<ba-add>idx:2 (ifx:1, 96:62:32:cc:84:05), tid:0, ssn:0, winSize:64[0m
[0;32mI (6274) esp_netif_lwip: DHCP server assigned IP to a client, IP is: 192.168.4.2[0m
Guru Meditation Error: Core  1 panic'ed (InstrFetchProhibited). Exception was unhandled.

Core  1 register dump:
PC      : 0x00000000  PS      : 0x00060530  A0      : 0x800ec054  A1      : 0x3ffcc280  
A2      : 0x3ffca1d8  A3      : 0x3ffca1e0  A4      : 0x3ffba300  A5      : 0x00000000  
A6      : 0x3ffcd2a0  A7      : 0x00000000  A8      : 0x800d950a  A9      : 0x3ffcc260  
A10     : 0x00000000  A11     : 0x3ffca1e0  A12     : 0x00000001  A13     : 0xffffffff  
A14     : 0x3ffca3fc  A15     : 0x3ffcd2f0  SAR     : 0x00000020  EXCCAUSE: 0x00000014  
EXCVADDR: 0x00000000  LBEG    : 0x400014fd  LEND    : 0x4000150d  LCOUNT  : 0xffffffff  


Backtrace: 0xfffffffd:0x3ffcc280 0x400ec051:0x3ffcd290 0x400eaef5:0x3ffcd2d0 0x400eaf9a:0x3ffcd360 0x400eb570:0x3ffcd380 0x400e9ec6:0x3ffcd3a0 0x40164413:0x3ffcd3c0 0x400ea5c6:0x3ffcd3e0 0x400ea62e:0x3ffcd430 0x4008973d:0x3ffcd450




ELF file SHA256: be5225b34

Rebooting...
ets Jul 29 2019 12:21:46

rst:0xc (SW_CPU_RESET),boot:0x17 (SPI_FAST_FLASH_BOOT)
configsip: 0, SPIWP:0xee
clk_drv:0x00,q_drv:0x00,d_drv:0x00,cs0_drv:0x00,hd_drv:0x00,wp_drv:0x00
mode:DIO, clock div:2
load:0x3fff0030,len:6380
ho 0 tail 12 room 4
load:0x40078000,len:15904
load:0x40080400,len:3860
entry 0x40080638
[0;32mI (29) boot: ESP-IDF v5.5-dev-3372-g38628f98b9 2nd stage bootloader[0m
[0;32mI (29) boot: compile time Nov 25 2025 11:53:58[0m
[0;32mI (29) boot: Multicore bootloader[0m
[0;32mI (32) boot: chip revision: v3.1[0m
[0;32mI (35) boot.esp32: SPI Speed      : 40MHz[0m
[0;32mI (39) boot.esp32: SPI Mode       : DIO[0m
[0;32mI (42) boot.esp32: SPI Flash Size : 4MB[0m
[0;32mI (46) boot: Enabling RNG early entropy source...[0m
[0;32mI (50) boot: Partition Table:[0m
[0;32mI (53) boot: ## Label            Usage          Type ST Offset   Length[0m
[0;32mI (59) boot:  0 nvs              WiFi data        01 02 00009000 00006000[0m
[0;32mI (66) boot:  1 phy_init         RF data          01 01 0000f000 00001000[0m
[0;32mI (72) boot:  2 factory          factory app      00 00 00010000 00100000[0m
[0;32mI (79) boot:  3 spiffs           Unknown data     01 82 00110000 002f0000[0m
[0;32mI (85) boot: End of partition table[0m
[0;32mI (89) esp_image: segment 0: paddr=00010020 vaddr=3f400020 size=2694ch (158028) map[0m
[0;32mI (150) esp_image: segment 1: paddr=00036974 vaddr=3ff80000 size=0001ch (    28) load[0m
[0;32mI (150) esp_image: segment 2: paddr=00036998 vaddr=3ffb0000 size=03ebch ( 16060) load[0m
[0;32mI (160) esp_image: segment 3: paddr=0003a85c vaddr=40080000 size=057bch ( 22460) load[0m
[0;32mI (170) esp_image: segment 4: paddr=00040020 vaddr=400d0020 size=9ce38h (642616) map[0m
[0;32mI (390) esp_image: segment 5: paddr=000dce60 vaddr=400857bc size=12558h ( 75096) load[0m
[0;32mI (431) boot: Loaded app from partition at offset 0x10000[0m
[0;32mI (431) boot: Disabling RNG early entropy source...[0m
[0;32mI (442) cpu_start: Multicore app[0m
[0;32mI (450) cpu_start: Pro cpu start user code[0m
[0;32mI (450) cpu_start: cpu freq: 160000000 Hz[0m
[0;32mI (450) app_init: Application information:[0m
[0;32mI (453) app_init: Project name:     sensor_campo[0m
[0;32mI (458) app_init: App version:      9006bb6b-dirty[0m
[0;32mI (464) app_init: Compile time:     Nov 25 2025 11:53:18[0m
[0;32mI (470) app_init: ELF file SHA256:  be5225b34...[0m
[0;32mI (475) app_init: ESP-IDF:          v5.5-dev-3372-g38628f98b9[0m
[0;32mI (481) efuse_init: Min chip rev:     v0.0[0m
[0;32mI (486) efuse_init: Max chip rev:     v3.99 [0m
[0;32mI (491) efuse_init: Chip rev:         v3.1[0m
[0;32mI (496) heap_init: Initializing. RAM available for dynamic allocation:[0m
[0;32mI (503) heap_init: At 3FFAE6E0 len 00001920 (6 KiB): DRAM[0m
[0;32mI (509) heap_init: At 3FFB8040 len 00027FC0 (159 KiB): DRAM[0m
[0;32mI (515) heap_init: At 3FFE0440 len 00003AE0 (14 KiB): D/IRAM[0m
[0;32mI (522) heap_init: At 3FFE4350 len 0001BCB0 (111 KiB): D/IRAM[0m
[0;32mI (528) heap_init: At 40097D14 len 000082EC (32 KiB): IRAM[0m
[0;32mI (536) spi_flash: detected chip: generic[0m
[0;32mI (539) spi_flash: flash io: dio[0m
[0;32mI (544) main_task: Started on CPU0[0m
[0;32mI (554) main_task: Calling app_main()[0m
[0;32mI (574) BSP_LED: LED inicializado no GPIO 2[0m
[0;32mI (574) BSP_DS18B20: DS18B20 inicializado no GPIO 4[0m
[0;32mI (574) BSP_ADC: ADC umidade solo inicializado. canal=6 bitwidth=12 atten=3[0m
[0;32mI (574) BSP_SENSORS: Sensores BSP inicializados[0m
[0;32mI (584) APP_SENSOR_MGR: Sensor Manager inicializado[0m
[0;32mI (584) APP_DATA_LOGGER: Inicializando SPIFFS...[0m
[0;32mI (894) APP_DATA_LOGGER: SPIFFS montado em /spiffs[0m
[0;32mI (894) APP_DATA_LOGGER: Total=2293769 bytes, Usado=2038 bytes[0m
[0;32mI (1064) APP_DATA_LOGGER: Proximo indice de log sera: 1[0m
[0;33mW (1254) APP_DATA_LOGGER: Arquivo /spiffs/soil_calib.json nao encontrado. Usando padrao (Seco: 4000, Molhado: 400)[0m
[0;32mI (1254) APP_DATA_LOGGER: --- Lendo /spiffs/log_temp.csv ---[0m
[0;32mI (1264) APP_DATA_LOGGER: 1,25.00,50.00,26.00,0.00
[0m
[0;32mI (1274) APP_DATA_LOGGER: --- Fim do arquivo ---[0m
[0;32mI (1274) APP_DATA_LOGGER: Limpando todos os dados armazenados...[0m
[0;32mI (1284) APP_DATA_LOGGER: Arquivo /spiffs/log_temp.csv removido[0m
[0;33mW (1474) APP_DATA_LOGGER: Nao foi possivel remover /spiffs/soil_calib.json (pode nao existir)[0m
[0;32mI (1474) APP_DATA_LOGGER: Dados limpos. Sistema reiniciado do zero.[0m
[0;32mI (1484) APP_GUI_SERVICES: ServiÃ§os GUI registrados[0m
[0;32mI (1504) wifi:wifi driver task: 3ffc2244, prio:23, stack:6656, core=0[0m
[0;32mI (1514) wifi:wifi firmware version: 7d2994f4b[0m
[0;32mI (1514) wifi:wifi certification version: v7.0[0m
[0;32mI (1514) wifi:config NVS flash: enabled[0m
[0;32mI (1514) wifi:config nano formatting: disabled[0m
[0;32mI (1514) wifi:Init data frame dynamic rx buffer num: 32[0m
[0;32mI (1524) wifi:Init static rx mgmt buffer num: 5[0m
[0;32mI (1524) wifi:Init management short buffer num: 32[0m
[0;32mI (1534) wifi:Init dynamic tx buffer num: 32[0m
[0;32mI (1534) wifi:Init static rx buffer size: 1600[0m
[0;32mI (1534) wifi:Init static rx buffer num: 10[0m
[0;32mI (1544) wifi:Init dynamic rx buffer num: 32[0m
[0;32mI (1544) wifi_init: rx ba win: 6[0m
[0;32mI (1554) wifi_init: accept mbox: 6[0m
[0;32mI (1554) wifi_init: tcpip mbox: 32[0m
[0;32mI (1554) wifi_init: udp mbox: 6[0m
[0;32mI (1564) wifi_init: tcp mbox: 6[0m
[0;32mI (1564) wifi_init: tcp tx win: 5760[0m
[0;32mI (1574) wifi_init: tcp rx win: 5760[0m
[0;32mI (1574) wifi_init: tcp mss: 1440[0m
[0;32mI (1574) wifi_init: WiFi IRAM OP enabled[0m
[0;32mI (1584) wifi_init: WiFi RX IRAM OP enabled[0m
[0;32mI (1594) phy_init: phy_version 4860,6b7a6e5,Feb  6 2025,14:47:07[0m
[0;32mI (1674) phy_init: Saving new calibration data due to checksum failure or outdated calibration data, mode(0)[0m
[0;32mI (1694) wifi:mode : softAP (38:18:2b:ea:b7:cd)[0m
[0;32mI (1694) wifi:Total power save buffer number: 16[0m
[0;32mI (1694) wifi:Init max length of beacon: 752/752[0m
[0;32mI (1704) wifi:Init max length of beacon: 752/752[0m
[0;32mI (1704) BSP_WIFI_AP: Modo AP iniciado. SSID='ESP32_TEMP' senha='12345678'[0m
[0;32mI (1704) esp_netif_lwip: DHCP server started on interface WIFI_AP_DEF with IP: 192.168.4.1[0m
[0;32mI (1724) GUI_HTTP_SERVER: Servidor HTTP iniciado e rotas registradas. Acesse http://192.168.4.1/[0m
[0;32mI (1734) APP_MAIN: Sistema iniciado - Arquitetura BSP/APP/GUI[0m
[0;32mI (1734) main_task: Returned from app_main()[0m
[0;32mI (3254) APP_MAIN: Log salvo! Temp Solo: 26.00 C, Umid Solo: 0.00 %[0m
[0;32mI (14234) APP_MAIN: Log salvo! Temp Solo: 25.94 C, Umid Solo: 0.00 %[0m
[0;32mI (25214) APP_MAIN: Log salvo! Temp Solo: 25.94 C, Umid Solo: 0.00 %[0m
[0;32mI (35974) APP_MAIN: Log salvo! Temp Solo: 25.88 C, Umid Solo: 0.00 %[0m
[0;32mI (46954) APP_MAIN: Log salvo! Temp Solo: 25.88 C, Umid Solo: 0.00 %[0m
[0;32mI (57934) APP_MAIN: Log salvo! Temp Solo: 25.88 C, Umid Solo: 0.00 %[0m
[0;32mI (68694) APP_MAIN: Log salvo! Temp Solo: 25.81 C, Umid Solo: 0.00 %[0m
[0;32mI (79684) APP_MAIN: Log salvo! Temp Solo: 25.81 C, Umid Solo: 0.00 %[0m
[0;32mI (90674) APP_MAIN: Log salvo! Temp Solo: 25.81 C, Umid Solo: 0.00 %[0m
[0;32mI (101434) APP_MAIN: Log salvo! Temp Solo: 25.75 C, Umid Solo: 0.00 %[0m
[0;32mI (112414) APP_MAIN: Log salvo! Temp Solo: 25.75 C, Umid Solo: 0.00 %[0m
[0;32mI (123394) APP_MAIN: Log salvo! Temp Solo: 25.69 C, Umid Solo: 0.00 %[0m
[0;32mI (134154) APP_MAIN: Log salvo! Temp Solo: 25.69 C, Umid Solo: 0.00 %[0m
ï¿½ï¿½ï¿½ï¿½ï¿½ï¿½ï¿½ï¿½ï¿½ï¿½ï¿½ï¿½ï¿½ï¿½ï¿½ï¿½ï¿½ï¿½ï¿½ï¿½ï¿½ï¿½ï¿½ï¿½ï¿½ï¿½ï¿½ï¿½ï¿½ï¿½ï¿½ï¿½ï¿½ï¿½ï¿½ï¿½ï¿½ï¿½ï¿½ï¿½ï¿½ï¿½ï¿½ï¿½ï¿½ï¿½ï¿½ï¿½ï¿½ï¿½ï¿½ï¿½ï¿½ï¿½ï¿½ï¿½ï¿½ï¿½ï¿½ï¿½ï¿½ï¿½ï¿½ï¿½salvo! Temp Solo: 25.69 C, Umid Solo: 0.00 %[0m
[0;32mI (156114) APP_MAIN: Log salvo! Temp Solo: 25.69 C, Umid Solo: 0.00 %[0m
ï¿½ï¿½ï¿½ï¿½ï¿½ï¿½ï¿½ï¿½ï¿½ï¿½ï¿½ï¿½ï¿½ï¿½ï¿½ï¿½ï¿½ï¿½ï¿½ï¿½ï¿½ï¿½ï¿½ï¿½ï¿½ï¿½ï¿½ï¿½ï¿½ï¿½ï¿½ï¿½ï¿½ï¿½ï¿½ï¿½ï¿½ï¿½ï¿½ï¿½ï¿½ï¿½ï¿½ï¿½ï¿½ï¿½ï¿½ï¿½ï¿½ï¿½ï¿½ï¿½ï¿½ï¿½ï¿½ï¿½ï¿½ï¿½ï¿½ï¿½ï¿½ï¿½ï¿½ï¿½salvo! Temp Solo: 25.69 C, Umid Solo: 0.00 %[0m
[0;32mI (177854) APP_MAIN: Log salvo! Temp Solo: 25.69 C, Umid Solo: 0.00 %[0m
ï¿½ï¿½ï¿½ï¿½ï¿½ï¿½ï¿½ï¿½ï¿½ï¿½ï¿½ï¿½ï¿½ï¿½ï¿½ï¿½ï¿½ï¿½ï¿½ï¿½ï¿½ï¿½ï¿½ï¿½ï¿½ï¿½ï¿½ï¿½ï¿½ï¿½ï¿½ï¿½ï¿½ï¿½ï¿½ï¿½ï¿½ï¿½ï¿½ï¿½ï¿½ï¿½ï¿½ï¿½ï¿½ï¿½ï¿½ï¿½ï¿½ï¿½ï¿½ï¿½ï¿½ï¿½ï¿½ï¿½ï¿½ï¿½ï¿½ï¿½ï¿½ï¿½ï¿½ï¿½salvo! Temp Solo: 25.69 C, Umid Solo: 0.00 %[0m
[0;32mI (199594) APP_MAIN: Log salvo! Temp Solo: 25.69 C, Umid Solo: 0.00 %[0m
[0;32mI (210584) APP_MAIN: Log salvo! Temp Solo: 25.69 C, Umid Solo: 0.00 %[0m
[0;32mI (221574) APP_MAIN: Log salvo! Temp Solo: 25.62 C, Umid Solo: 0.00 %[0m
[0;32mI (232334) APP_MAIN: Log salvo! Temp Solo: 25.62 C, Umid Solo: 0.00 %[0m
[0;32mI (243314) APP_MAIN: Log salvo! Temp Solo: 25.62 C, Umid Solo: 0.00 %[0m
[0;32mI (254294) APP_MAIN: Log salvo! Temp Solo: 25.56 C, Umid Solo: 0.00 %[0m
[0;32mI (265054) APP_MAIN: Log salvo! Temp Solo: 25.56 C, Umid Solo: 0.00 %[0m
[0;32mI (276034) APP_MAIN: Log salvo! Temp Solo: 25.62 C, Umid Solo: 0.00 %[0m
[0;32mI (287014) APP_MAIN: Log salvo! Temp Solo: 25.56 C, Umid Solo: 0.00 %[0m
[0;32mI (297774) APP_MAIN: Log salvo! Temp Solo: 25.62 C, Umid Solo: 0.00 %[0m
[0;32mI (308754) APP_MAIN: Log salvo! Temp Solo: 25.69 C, Umid Solo: 0.00 %[0m
