Command: /home/mrclnndrd/.espressif/python_env/idf5.5_py3.11_env/bin/python /home/mrclnndrd/esp/esp-idf/tools/idf_monitor.py -p /dev/ttyUSB0 -b 115200 --toolchain-prefix xtensa-esp32-elf- --target esp32 --revision 0 /home/mrclnndrd/projetos/greense/client/N06_Sensor_Campo_C/build/sensor_campo.elf /home/mrclnndrd/projetos/greense/client/N06_Sensor_Campo_C/build/bootloader/bootloader.elf -m '/home/mrclnndrd/.espressif/python_env/idf5.5_py3.11_env/bin/python' '/home/mrclnndrd/esp/esp-idf/tools/idf.py'
ÔøΩÔøΩÔøΩÔøΩ=6 bitwidth=12 atten=3[0m
ets Jul 29 2019 12:21:46

rst:0x1 (POWERON_RESET),boot:0x17 (SPI_FAST_FLASH_BOOT)
configsip: 0, SPIWP:0xee
clk_drv:0x00,q_drv:0x00,d_drv:0x00,cs0_drv:0x00,hd_drv:0x00,wp_drv:0x00
mode:DIO, clock div:2
load:0x3fff0030,len:6380
ho 0 tail 12 room 4
load:0x40078000,len:15904
load:0x40080400,len:3860
entry 0x40080638
[0;32mI (29) boot: ESP-IDF v5.5-dev-3372-g38628f98b9 2nd stage bootloader[0m
[0;32mI (29) boot: compile time Nov 28 2025 06:27:02[0m
[0;32mI (29) boot: Multicore bootloader[0m
[0;32mI (32) boot: chip revision: v3.1[0m
[0;32mI (35) boot.esp32: SPI Speed      : 40MHz[0m
[0;32mI (39) boot.esp32: SPI Mode       : DIO[0m
[0;32mI (42) boot.esp32: SPI Flash Size : 4MB[0m
[0;32mI (46) boot: Enabling RNG early entropy source...[0m
[0;32mI (50) boot: Partition Table:[0m
[0;32mI (53) boot: ## Label            Usage          Type ST Offset   Length[0m
[0;32mI (59) boot:  0 nvs              WiFi data        01 02 00009000 00006000[0m
[0;32mI (66) boot:  1 phy_init         RF data          01 01 0000f000 00001000[0m
[0;32mI (72) boot:  2 factory          factory app      00 00 00010000 00100000[0m
[0;32mI (79) boot:  3 spiffs           Unknown data     01 82 00110000 002f0000[0m
[0;32mI (85) boot: End of partition table[0m
[0;32mI (89) esp_image: segment 0: paddr=00010020 vaddr=3f400020 size=346d4h (214740) map[0m
[0;32mI (170) esp_image: segment 1: paddr=000446fc vaddr=3ff80000 size=0001ch (    28) load[0m
[0;32mI (170) esp_image: segment 2: paddr=00044720 vaddr=3ffb0000 size=03efch ( 16124) load[0m
[0;32mI (179) esp_image: segment 3: paddr=00048624 vaddr=40080000 size=079f4h ( 31220) load[0m
[0;32mI (193) esp_image: segment 4: paddr=00050020 vaddr=400d0020 size=ab7a4h (702372) map[0m
[0;32mI (433) esp_image: segment 5: paddr=000fb7cc vaddr=400879f4 size=10638h ( 67128) load[0m
[0;32mI (471) boot: Loaded app from partition at offset 0x10000[0m
[0;32mI (471) boot: Disabling RNG early entropy source...[0m
[0;32mI (482) cpu_start: Multicore app[0m
[0;32mI (490) cpu_start: Pro cpu start user code[0m
[0;32mI (490) cpu_start: cpu freq: 160000000 Hz[0m
[0;32mI (490) app_init: Application information:[0m
[0;32mI (493) app_init: Project name:     sensor_campo[0m
[0;32mI (499) app_init: App version:      a38b24d3-dirty[0m
[0;32mI (504) app_init: Compile time:     Dec  5 2025 14:31:59[0m
[0;32mI (510) app_init: ELF file SHA256:  c7af907a2...[0m
[0;32mI (515) app_init: ESP-IDF:          v5.5-dev-3372-g38628f98b9[0m
[0;32mI (522) efuse_init: Min chip rev:     v0.0[0m
[0;32mI (527) efuse_init: Max chip rev:     v3.99 [0m
[0;32mI (532) efuse_init: Chip rev:         v3.1[0m
[0;32mI (537) heap_init: Initializing. RAM available for dynamic allocation:[0m
[0;32mI (544) heap_init: At 3FFAE6E0 len 00001920 (6 KiB): DRAM[0m
[0;32mI (550) heap_init: At 3FFB8A18 len 000275E8 (157 KiB): DRAM[0m
[0;32mI (556) heap_init: At 3FFE0440 len 00003AE0 (14 KiB): D/IRAM[0m
[0;32mI (562) heap_init: At 3FFE4350 len 0001BCB0 (111 KiB): D/IRAM[0m
[0;32mI (569) heap_init: At 4009802C len 00007FD4 (31 KiB): IRAM[0m
[0;32mI (576) spi_flash: detected chip: generic[0m
[0;32mI (579) spi_flash: flash io: dio[0m
[0;32mI (584) main_task: Started on CPU0[0m
[0;32mI (594) main_task: Calling app_main()[0m
[0;32mI (614) BSP_LED: LED inicializado no GPIO 2[0m
[0;32mI (614) BSP_DS18B20: DS18B20 inicializado no GPIO 4[0m
[0;32mI (614) BSP_ADC: ADC umidade solo inicializado. canal=6 bitwidth=12 atten=3[0m
[0;32mI (654) BSP_AHT10: AHT10 inicializado com sucesso (I2C addr: 0x38)[0m
[0;32mI (654) BSP_SENSORS: AHT10 inicializado com sucesso[0m
[0;32mI (794) BSP_BH1750: BH1750 inicializado com sucesso (I2C addr: 0x23)[0m
[0;32mI (794) BSP_SENSORS: BH1750 inicializado com sucesso[0m
[0;32mI (794) BSP_SENSORS: Sensores BSP inicializados[0m
[0;32mI (794) APP_SENSOR_MGR: Sensor Manager inicializado[0m
[0;32mI (804) APP_DATA_LOGGER: Inicializando SPIFFS...[0m
[0;32mI (1114) APP_DATA_LOGGER: SPIFFS montado em /spiffs[0m
[0;32mI (1114) APP_DATA_LOGGER: Total=2293769 bytes, Usado=86615 bytes[0m
[0;32mI (1504) APP_DATA_LOGGER: Proximo indice de log sera: 2146[0m
[0;33mW (1694) APP_DATA_LOGGER: Arquivo /spiffs/soil_calib.json nao encontrado. Usando padrao (Seco: 4000, Molhado: 400)[0m
[0;32mI (1694) APP_DATA_LOGGER: Data logger inicializado. Proximo indice: 2146[0m
[0;32mI (1704) APP_SAMPLING: Per√≠odo carregado do NVS: 10000 ms[0m
[0;32mI (1714) APP_STATS_WINDOW: Per√≠odo estat√≠stico carregado do NVS: 15 amostras[0m
[0;32mI (1724) APP_CULTIVATION: Toler√¢ncias de cultivo carregadas do NVS[0m
[0;32mI (1724) APP_GUI_SERVICES: Servi√ßos GUI registrados[0m
[0;32mI (1744) wifi:wifi driver task: 3ffc320c, prio:23, stack:6656, core=0[0m
[0;32mI (1754) wifi:wifi firmware version: 7d2994f4b[0m
[0;32mI (1754) wifi:wifi certification version: v7.0[0m
[0;32mI (1754) wifi:config NVS flash: enabled[0m
[0;32mI (1754) wifi:config nano formatting: disabled[0m
[0;32mI (1754) wifi:Init data frame dynamic rx buffer num: 32[0m
[0;32mI (1764) wifi:Init static rx mgmt buffer num: 5[0m
[0;32mI (1764) wifi:Init management short buffer num: 32[0m
[0;32mI (1774) wifi:Init dynamic tx buffer num: 32[0m
[0;32mI (1774) wifi:Init static rx buffer size: 1600[0m
[0;32mI (1784) wifi:Init static rx buffer num: 10[0m
[0;32mI (1784) wifi:Init dynamic rx buffer num: 32[0m
[0;32mI (1794) wifi_init: rx ba win: 6[0m
[0;32mI (1794) wifi_init: accept mbox: 6[0m
[0;32mI (1794) wifi_init: tcpip mbox: 32[0m
[0;32mI (1804) wifi_init: udp mbox: 6[0m
[0;32mI (1804) wifi_init: tcp mbox: 6[0m
[0;32mI (1804) wifi_init: tcp tx win: 5760[0m
[0;32mI (1814) wifi_init: tcp rx win: 5760[0m
[0;32mI (1814) wifi_init: tcp mss: 1440[0m
[0;32mI (1824) wifi_init: WiFi IRAM OP enabled[0m
[0;32mI (1824) wifi_init: WiFi RX IRAM OP enabled[0m
[0;32mI (1834) phy_init: phy_version 4860,6b7a6e5,Feb  6 2025,14:47:07[0m
[0;32mI (1914) phy_init: Saving new calibration data due to checksum failure or outdated calibration data, mode(0)[0m
[0;32mI (1944) wifi:mode : softAP (38:18:2b:ea:b7:cd)[0m
[0;32mI (1944) wifi:Total power save buffer number: 16[0m
[0;32mI (1954) wifi:Init max length of beacon: 752/752[0m
[0;32mI (1954) wifi:Init max length of beacon: 752/752[0m
[0;32mI (1954) BSP_WIFI_AP: Modo AP iniciado. SSID='greenSe_Campo' senha='12345678'[0m
[0;32mI (1954) esp_netif_lwip: DHCP server started on interface WIFI_AP_DEF with IP: 192.168.4.1[0m
[0;32mI (1974) mdns_mem: mDNS task will be created from internal RAM[0m
[0;32mI (1984) GUI_HTTP_SERVER: Servidor HTTP iniciado e rotas registradas. Acesse http://greense.local/ ou http://192.168.4.1/[0m
[0;32mI (1984) APP_MAIN: Sistema iniciado - Arquitetura BSP/APP/GUI[0m
[0;32mI (1994) main_task: Returned from app_main()[0m
[0;32mI (2994) APP_MAIN: Log salvo! Ar: 26.36 C / 62.32 %, Solo: 23.94 C / 0.00 %, Lux: 34.2, DPV: 1.294 kPa[0m
[0;32mI (10914) wifi:new:<1,0>, old:<1,1>, ap:<1,1>, sta:<255,255>, prof:1, snd_ch_cfg:0x0[0m
[0;32mI (10914) wifi:station: 32:2a:5f:51:e8:85 join, AID=1, bgn, 20[0m
[0;32mI (11004) BSP_WIFI_AP: Cliente 32:2a:5f:51:e8:85 conectou, AID=1[0m
[0;32mI (11064) wifi:<ba-add>idx:2 (ifx:1, 32:2a:5f:51:e8:85), tid:0, ssn:0, winSize:64[0m
[0;32mI (11094) esp_netif_lwip: DHCP server assigned IP to a client, IP is: 192.168.4.2[0m
[0;32mI (13144) APP_MAIN: Log salvo! Ar: 26.37 C / 62.20 %, Solo: 23.94 C / 0.00 %, Lux: 33.3, DPV: 1.299 kPa[0m

***ERROR*** A stack overflow in task  has been detected.


Backtrace: 0x40081ab1:0x3ffcccd0 0x40088f6d:0x3ffcccf0 0x40089e1a:0x3ffccd10 0x4008b22b:0x3ffccd90 0x40089f24:0x3ffccdb0 0x40089ed6:0x00000003 |<-CORRUPTED




ELF file SHA256: c7af907a2

Rebooting...
ets Jul 29 2019 12:21:46

rst:0xc (SW_CPU_RESET),boot:0x17 (SPI_FAST_FLASH_BOOT)
configsip: 0, SPIWP:0xee
clk_drv:0x00,q_drv:0x00,d_drv:0x00,cs0_drv:0x00,hd_drv:0x00,wp_drv:0x00
mode:DIO, clock div:2
load:0x3fff0030,len:6380
ho 0 tail 12 room 4
load:0x40078000,len:15904
load:0x40080400,len:3860
entry 0x40080638
[0;32mI (29) boot: ESP-IDF v5.5-dev-3372-g38628f98b9 2nd stage bootloader[0m
[0;32mI (29) boot: compile time Nov 28 2025 06:27:02[0m
[0;32mI (29) boot: Multicore bootloader[0m
[0;32mI (32) boot: chip revision: v3.1[0m
[0;32mI (35) boot.esp32: SPI Speed      : 40MHz[0m
[0;32mI (39) boot.esp32: SPI Mode       : DIO[0m
[0;32mI (42) boot.esp32: SPI Flash Size : 4MB[0m
[0;32mI (46) boot: Enabling RNG early entropy source...[0m
[0;32mI (50) boot: Partition Table:[0m
[0;32mI (53) boot: ## Label            Usage          Type ST Offset   Length[0m
[0;32mI (59) boot:  0 nvs              WiFi data        01 02 00009000 00006000[0m
[0;32mI (66) boot:  1 phy_init         RF data          01 01 0000f000 00001000[0m
[0;32mI (72) boot:  2 factory          factory app      00 00 00010000 00100000[0m
[0;32mI (79) boot:  3 spiffs           Unknown data     01 82 00110000 002f0000[0m
[0;32mI (85) boot: End of partition table[0m
[0;32mI (89) esp_image: segment 0: paddr=00010020 vaddr=3f400020 size=346d4h (214740) map[0m
[0;32mI (169) esp_image: segment 1: paddr=000446fc vaddr=3ff80000 size=0001ch (    28) load[0m
[0;32mI (170) esp_image: segment 2: paddr=00044720 vaddr=3ffb0000 size=03efch ( 16124) load[0m
[0;32mI (179) esp_image: segment 3: paddr=00048624 vaddr=40080000 size=079f4h ( 31220) load[0m
[0;32mI (193) esp_image: segment 4: paddr=00050020 vaddr=400d0020 size=ab7a4h (702372) map[0m
[0;32mI (433) esp_image: segment 5: paddr=000fb7cc vaddr=400879f4 size=10638h ( 67128) load[0m
[0;32mI (471) boot: Loaded app from partition at offset 0x10000[0m
[0;32mI (471) boot: Disabling RNG early entropy source...[0m
[0;32mI (482) cpu_start: Multicore app[0m
[0;32mI (490) cpu_start: Pro cpu start user code[0m
[0;32mI (490) cpu_start: cpu freq: 160000000 Hz[0m
[0;32mI (490) app_init: Application information:[0m
[0;32mI (493) app_init: Project name:     sensor_campo[0m
[0;32mI (499) app_init: App version:      a38b24d3-dirty[0m
[0;32mI (504) app_init: Compile time:     Dec  5 2025 14:31:59[0m
[0;32mI (510) app_init: ELF file SHA256:  c7af907a2...[0m
[0;32mI (515) app_init: ESP-IDF:          v5.5-dev-3372-g38628f98b9[0m
[0;32mI (522) efuse_init: Min chip rev:     v0.0[0m
[0;32mI (527) efuse_init: Max chip rev:     v3.99 [0m
[0;32mI (531) efuse_init: Chip rev:         v3.1[0m
[0;32mI (537) heap_init: Initializing. RAM available for dynamic allocation:[0m
[0;32mI (544) heap_init: At 3FFAE6E0 len 00001920 (6 KiB): DRAM[0m
[0;32mI (550) heap_init: At 3FFB8A18 len 000275E8 (157 KiB): DRAM[0m
[0;32mI (556) heap_init: At 3FFE0440 len 00003AE0 (14 KiB): D/IRAM[0m
[0;32mI (562) heap_init: At 3FFE4350 len 0001BCB0 (111 KiB): D/IRAM[0m
[0;32mI (569) heap_init: At 4009802C len 00007FD4 (31 KiB): IRAM[0m
[0;32mI (576) spi_flash: detected chip: generic[0m
[0;32mI (579) spi_flash: flash io: dio[0m
[0;32mI (584) main_task: Started on CPU0[0m
[0;32mI (594) main_task: Calling app_main()[0m
[0;32mI (614) BSP_LED: LED inicializado no GPIO 2[0m
[0;32mI (614) BSP_DS18B20: DS18B20 inicializado no GPIO 4[0m
[0;32mI (614) BSP_ADC: ADC umidade solo inicializado. canal=6 bitwidth=12 atten=3[0m
[0;32mI (654) BSP_AHT10: AHT10 inicializado com sucesso (I2C addr: 0x38)[0m
[0;32mI (654) BSP_SENSORS: AHT10 inicializado com sucesso[0m
[0;32mI (794) BSP_BH1750: BH1750 inicializado com sucesso (I2C addr: 0x23)[0m
[0;32mI (794) BSP_SENSORS: BH1750 inicializado com sucesso[0m
[0;32mI (794) BSP_SENSORS: Sensores BSP inicializados[0m
[0;32mI (794) APP_SENSOR_MGR: Sensor Manager inicializado[0m
[0;32mI (804) APP_DATA_LOGGER: Inicializando SPIFFS...[0m
[0;32mI (1114) APP_DATA_LOGGER: SPIFFS montado em /spiffs[0m
[0;32mI (1114) APP_DATA_LOGGER: Total=2293769 bytes, Usado=86615 bytes[0m
[0;32mI (1504) APP_DATA_LOGGER: Proximo indice de log sera: 2148[0m
[0;33mW (1694) APP_DATA_LOGGER: Arquivo /spiffs/soil_calib.json nao encontrado. Usando padrao (Seco: 4000, Molhado: 400)[0m
[0;32mI (1694) APP_DATA_LOGGER: Data logger inicializado. Proximo indice: 2148[0m
[0;32mI (1704) APP_SAMPLING: Per√≠odo carregado do NVS: 10000 ms[0m
[0;32mI (1714) APP_STATS_WINDOW: Per√≠odo estat√≠stico carregado do NVS: 15 amostras[0m
[0;32mI (1724) APP_CULTIVATION: Toler√¢ncias de cultivo carregadas do NVS[0m
[0;32mI (1724) APP_GUI_SERVICES: Servi√ßos GUI registrados[0m
[0;32mI (1744) wifi:wifi driver task: 3ffc3188, prio:23, stack:6656, core=0[0m
[0;32mI (1754) wifi:wifi firmware version: 7d2994f4b[0m
[0;32mI (1754) wifi:wifi certification version: v7.0[0m
[0;32mI (1754) wifi:config NVS flash: enabled[0m
[0;32mI (1754) wifi:config nano formatting: disabled[0m
[0;32mI (1754) wifi:Init data frame dynamic rx buffer num: 32[0m
[0;32mI (1764) wifi:Init static rx mgmt buffer num: 5[0m
[0;32mI (1764) wifi:Init management short buffer num: 32[0m
[0;32mI (1774) wifi:Init dynamic tx buffer num: 32[0m
[0;32mI (1774) wifi:Init static rx buffer size: 1600[0m
[0;32mI (1784) wifi:Init static rx buffer num: 10[0m
[0;32mI (1784) wifi:Init dynamic rx buffer num: 32[0m
[0;32mI (1784) wifi_init: rx ba win: 6[0m
[0;32mI (1794) wifi_init: accept mbox: 6[0m
[0;32mI (1794) wifi_init: tcpip mbox: 32[0m
[0;32mI (1804) wifi_init: udp mbox: 6[0m
[0;32mI (1804) wifi_init: tcp mbox: 6[0m
[0;32mI (1804) wifi_init: tcp tx win: 5760[0m
[0;32mI (1814) wifi_init: tcp rx win: 5760[0m
[0;32mI (1814) wifi_init: tcp mss: 1440[0m
[0;32mI (1824) wifi_init: WiFi IRAM OP enabled[0m
[0;32mI (1824) wifi_init: WiFi RX IRAM OP enabled[0m
[0;32mI (1834) phy_init: phy_version 4860,6b7a6e5,Feb  6 2025,14:47:07[0m
[0;32mI (1914) phy_init: Saving new calibration data due to checksum failure or outdated calibration data, mode(0)[0m
[0;32mI (1964) wifi:mode : softAP (38:18:2b:ea:b7:cd)[0m
[0;32mI (1964) wifi:Total power save buffer number: 16[0m
[0;32mI (1974) wifi:Init max length of beacon: 752/752[0m
[0;32mI (1974) wifi:Init max length of beacon: 752/752[0m
[0;32mI (1974) BSP_WIFI_AP: Modo AP iniciado. SSID='greenSe_Campo' senha='12345678'[0m
[0;32mI (1974) esp_netif_lwip: DHCP server started on interface WIFI_AP_DEF with IP: 192.168.4.1[0m
[0;32mI (1994) mdns_mem: mDNS task will be created from internal RAM[0m
[0;32mI (2004) GUI_HTTP_SERVER: Servidor HTTP iniciado e rotas registradas. Acesse http://greense.local/ ou http://192.168.4.1/[0m
[0;32mI (2004) APP_MAIN: Sistema iniciado - Arquitetura BSP/APP/GUI[0m
[0;32mI (2014) main_task: Returned from app_main()[0m
[0;32mI (3254) APP_MAIN: Log salvo! Ar: 26.41 C / 62.23 %, Solo: 23.94 C / 0.00 %, Lux: 36.7, DPV: 1.301 kPa[0m
[0;32mI (6684) wifi:new:<1,0>, old:<1,1>, ap:<1,1>, sta:<255,255>, prof:1, snd_ch_cfg:0x0[0m
[0;32mI (6684) wifi:station: 32:2a:5f:51:e8:85 join, AID=1, bgn, 20[0m
[0;32mI (6724) BSP_WIFI_AP: Cliente 32:2a:5f:51:e8:85 conectou, AID=1[0m
[0;32mI (6804) wifi:<ba-add>idx:2 (ifx:1, 32:2a:5f:51:e8:85), tid:0, ssn:0, winSize:64[0m
[0;32mI (6834) esp_netif_lwip: DHCP server assigned IP to a client, IP is: 192.168.4.2[0m

***ERROR*** A stack overflow in task  has been detected.


Backtrace: 0x40081ab1:0x3ffccd00 0x40088f6d:0x3ffccd20 0x40089e1a:0x3ffccd40 0x4008b22b:0x3ffccdc0 0x40089f24:0x3ffccde0 0x40089ed6:0x3ffd0ea0 0x7ffefffd:0x1f010000 |<-CORRUPTED




ELF file SHA256: c7af907a2

Rebooting...
ets Jul 29 2019 12:21:46

rst:0xc (SW_CPU_RESET),boot:0x17 (SPI_FAST_FLASH_BOOT)
configsip: 0, SPIWP:0xee
clk_drv:0x00,q_drv:0x00,d_drv:0x00,cs0_drv:0x00,hd_drv:0x00,wp_drv:0x00
mode:DIO, clock div:2
load:0x3fff0030,len:6380
ho 0 tail 12 room 4
load:0x40078000,len:15904
load:0x40080400,len:3860
entry 0x40080638
[0;32mI (29) boot: ESP-IDF v5.5-dev-3372-g38628f98b9 2nd stage bootloader[0m
[0;32mI (29) boot: compile time Nov 28 2025 06:27:02[0m
[0;32mI (29) boot: Multicore bootloader[0m
[0;32mI (32) boot: chip revision: v3.1[0m
[0;32mI (35) boot.esp32: SPI Speed      : 40MHz[0m
[0;32mI (39) boot.esp32: SPI Mode       : DIO[0m
[0;32mI (42) boot.esp32: SPI Flash Size : 4MB[0m
[0;32mI (46) boot: Enabling RNG early entropy source...[0m
[0;32mI (50) boot: Partition Table:[0m
[0;32mI (53) boot: ## Label            Usage          Type ST Offset   Length[0m
[0;32mI (59) boot:  0 nvs              WiFi data        01 02 00009000 00006000[0m
[0;32mI (66) boot:  1 phy_init         RF data          01 01 0000f000 00001000[0m
[0;32mI (72) boot:  2 factory          factory app      00 00 00010000 00100000[0m
[0;32mI (79) boot:  3 spiffs           Unknown data     01 82 00110000 002f0000[0m
I (85) boot: End of partition table
[0;32mI (89) esp_image: segment 0: paddr=00010020 vaddr=3f400020 size=346d4h (214740) map[0m
[0;32mI (169) esp_image: segment 1: paddr=000446fc vaddr=3ff80000 size=0001ch (    28) load[0m
[0;32mI (170) esp_image: segment 2: paddr=00044720 vaddr=3ffb0000 size=03efch ( 16124) load[0m
[0;32mI (179) esp_image: segment 3: paddr=00048624 vaddr=40080000 size=079f4h ( 31220) load[0m
[0;32mI (193) esp_image: segment 4: paddr=00050020 vaddr=400d0020 size=ab7a4h (702372) map[0m
[0;32mI (433) esp_image: segment 5: paddr=000fb7cc vaddr=400879f4 size=10638h ( 67128) load[0m
[0;32mI (471) boot: Loaded app from partition at offset 0x10000[0m
[0;32mI (471) boot: Disabling RNG early entropy source...[0m
[0;32mI (482) cpu_start: Multicore app[0m
[0;32mI (490) cpu_start: Pro cpu start user code[0m
[0;32mI (490) cpu_start: cpu freq: 160000000 Hz[0m
[0;32mI (490) app_init: Application information:[0m
[0;32mI (493) app_init: Project name:     sensor_campo[0m
[0;32mI (499) app_init: App version:      a38b24d3-dirty[0m
[0;32mI (504) app_init: Compile time:     Dec  5 2025 14:31:59[0m
[0;32mI (510) app_init: ELF file SHA256:  c7af907a2...[0m
[0;32mI (515) app_init: ESP-IDF:          v5.5-dev-3372-g38628f98b9[0m
[0;32mI (522) efuse_init: Min chip rev:     v0.0[0m
[0;32mI (526) efuse_init: Max chip rev:     v3.99 [0m
[0;32mI (531) efuse_init: Chip rev:         v3.1[0m
[0;32mI (537) heap_init: Initializing. RAM available for dynamic allocation:[0m
[0;32mI (544) heap_init: At 3FFAE6E0 len 00001920 (6 KiB): DRAM[0m
[0;32mI (550) heap_init: At 3FFB8A18 len 000275E8 (157 KiB): DRAM[0m
[0;32mI (556) heap_init: At 3FFE0440 len 00003AE0 (14 KiB): D/IRAM[0m
[0;32mI (562) heap_init: At 3FFE4350 len 0001BCB0 (111 KiB): D/IRAM[0m
[0;32mI (569) heap_init: At 4009802C len 00007FD4 (31 KiB): IRAM[0m
[0;32mI (576) spi_flash: detected chip: generic[0m
[0;32mI (579) spi_flash: flash io: dio[0m
[0;32mI (584) main_task: Started on CPU0[0m
[0;32mI (594) main_task: Calling app_main()[0m
[0;32mI (614) BSP_LED: LED inicializado no GPIO 2[0m
[0;32mI (614) BSP_DS18B20: DS18B20 inicializado no GPIO 4[0m
[0;32mI (614) BSP_ADC: ADC umidade solo inicializado. canal=6 bitwidth=12 atten=3[0m
[0;32mI (654) BSP_AHT10: AHT10 inicializado com sucesso (I2C addr: 0x38)[0m
[0;32mI (654) BSP_SENSORS: AHT10 inicializado com sucesso[0m
[0;32mI (794) BSP_BH1750: BH1750 inicializado com sucesso (I2C addr: 0x23)[0m
[0;32mI (794) BSP_SENSORS: BH1750 inicializado com sucesso[0m
[0;32mI (794) BSP_SENSORS: Sensores BSP inicializados[0m
[0;32mI (794) APP_SENSOR_MGR: Sensor Manager inicializado[0m
[0;32mI (804) APP_DATA_LOGGER: Inicializando SPIFFS...[0m
[0;32mI (1114) APP_DATA_LOGGER: SPIFFS montado em /spiffs[0m
[0;32mI (1114) APP_DATA_LOGGER: Total=2293769 bytes, Usado=86615 bytes[0m
[0;32mI (1504) APP_DATA_LOGGER: Proximo indice de log sera: 2149[0m
[0;33mW (1694) APP_DATA_LOGGER: Arquivo /spiffs/soil_calib.json nao encontrado. Usando padrao (Seco: 4000, Molhado: 400)[0m
[0;32mI (1694) APP_DATA_LOGGER: Data logger inicializado. Proximo indice: 2149[0m
[0;32mI (1704) APP_SAMPLING: Per√≠odo carregado do NVS: 10000 ms[0m
[0;32mI (1714) APP_STATS_WINDOW: Per√≠odo estat√≠stico carregado do NVS: 15 amostras[0m
[0;32mI (1724) APP_CULTIVATION: Toler√¢ncias de cultivo carregadas do NVS[0m
[0;32mI (1724) APP_GUI_SERVICES: Servi√ßos GUI registrados[0m
[0;32mI (1744) wifi:wifi driver task: 3ffc320c, prio:23, stack:6656, core=0[0m
[0;32mI (1754) wifi:wifi firmware version: 7d2994f4b[0m
[0;32mI (1754) wifi:wifi certification version: v7.0[0m
[0;32mI (1754) wifi:config NVS flash: enabled[0m
[0;32mI (1754) wifi:config nano formatting: disabled[0m
[0;32mI (1754) wifi:Init data frame dynamic rx buffer num: 32[0m
[0;32mI (1764) wifi:Init static rx mgmt buffer num: 5[0m
[0;32mI (1764) wifi:Init management short buffer num: 32[0m
[0;32mI (1774) wifi:Init dynamic tx buffer num: 32[0m
[0;32mI (1774) wifi:Init static rx buffer size: 1600[0m
[0;32mI (1784) wifi:Init static rx buffer num: 10[0m
[0;32mI (1784) wifi:Init dynamic rx buffer num: 32[0m
[0;32mI (1794) wifi_init: rx ba win: 6[0m
[0;32mI (1794) wifi_init: accept mbox: 6[0m
[0;32mI (1794) wifi_init: tcpip mbox: 32[0m
[0;32mI (1804) wifi_init: udp mbox: 6[0m
[0;32mI (1804) wifi_init: tcp mbox: 6[0m
[0;32mI (1804) wifi_init: tcp tx win: 5760[0m
[0;32mI (1814) wifi_init: tcp rx win: 5760[0m
[0;32mI (1814) wifi_init: tcp mss: 1440[0m
[0;32mI (1824) wifi_init: WiFi IRAM OP enabled[0m
[0;32mI (1824) wifi_init: WiFi RX IRAM OP enabled[0m
[0;32mI (1834) phy_init: phy_version 4860,6b7a6e5,Feb  6 2025,14:47:07[0m
[0;32mI (1914) phy_init: Saving new calibration data due to checksum failure or outdated calibration data, mode(0)[0m
[0;32mI (1944) wifi:mode : softAP (38:18:2b:ea:b7:cd)[0m
[0;32mI (1944) wifi:Total power save buffer number: 16[0m
[0;32mI (1954) wifi:Init max length of beacon: 752/752[0m
[0;32mI (1954) wifi:Init max length of beacon: 752/752[0m
[0;32mI (1954) BSP_WIFI_AP: Modo AP iniciado. SSID='greenSe_Campo' senha='12345678'[0m
[0;32mI (1954) esp_netif_lwip: DHCP server started on interface WIFI_AP_DEF with IP: 192.168.4.1[0m
[0;32mI (1974) mdns_mem: mDNS task will be created from internal RAM[0m
[0;32mI (1984) GUI_HTTP_SERVER: Servidor HTTP iniciado e rotas registradas. Acesse http://greense.local/ ou http://192.168.4.1/[0m
[0;32mI (1984) APP_MAIN: Sistema iniciado - Arquitetura BSP/APP/GUI[0m
[0;31mE (1994) i2c.master: I2C software timeout[0m
[0;31mE (2004) i2c.master: s_i2c_synchronous_transaction(943): I2C transaction failed[0m
[0;31mE (2004) i2c.master: i2c_master_multi_buffer_transmit(1212): I2C transaction failed[0m
[0;31mE (2014) BSP_AHT10: Falha ao enviar comando trigger: ESP_ERR_INVALID_STATE[0m
[0;32mI (2024) main_task: Returned from app_main()[0m
[0;31mE (2024) i2c.master: I2C hardware NACK detected[0m
[0;31mE (2034) i2c.master: I2C transaction unexpected nack detected[0m
[0;31mE (2044) i2c.master: s_i2c_synchronous_transaction(943): I2C transaction failed[0m
[0;31mE (2044) i2c.master: i2c_master_multi_buffer_transmit(1212): I2C transaction failed[0m
[0;31mE (2054) BSP_AHT10: Falha ao enviar comando trigger: ESP_ERR_INVALID_STATE[0m
[0;32mI (2914) APP_MAIN: Log salvo! Ar: -- C / -- %, Solo: 23.94 C / 0.00 %, Lux: 30.8, DPV: nan kPa[0m
[0;32mI (13134) APP_MAIN: Log salvo! Ar: 26.38 C / 62.24 %, Solo: 23.94 C / 0.00 %, Lux: 32.5, DPV: 1.298 kPa[0m
[0;32mI (23124) APP_MAIN: Log salvo! Ar: 26.36 C / 62.24 %, Solo: 23.94 C / 0.00 %, Lux: 30.8, DPV: 1.296 kPa[0m
[0;32mI (32884) APP_MAIN: Log salvo! Ar: 26.35 C / 62.27 %, Solo: 23.94 C / 0.00 %, Lux: 30.8, DPV: 1.295 kPa[0m
[0;32mI (43104) APP_MAIN: Log salvo! Ar: 26.32 C / 62.28 %, Solo: 23.94 C / 0.00 %, Lux: 30.0, DPV: 1.292 kPa[0m
[0;32mI (53094) APP_MAIN: Log salvo! Ar: 26.29 C / 62.38 %, Solo: 23.94 C / 0.00 %, Lux: 30.8, DPV: 1.287 kPa[0m
[0;32mI (62854) APP_MAIN: Log salvo! Ar: 26.24 C / 62.40 %, Solo: 23.94 C / 0.00 %, Lux: 28.3, DPV: 1.282 kPa[0m
[0;32mI (73074) APP_MAIN: Log salvo! Ar: 26.28 C / 62.79 %, Solo: 23.94 C / 0.00 %, Lux: 26.7, DPV: 1.272 kPa[0m
[0;32mI (83064) APP_MAIN: Log salvo! Ar: 26.24 C / 62.67 %, Solo: 23.94 C / 0.00 %, Lux: 25.8, DPV: 1.273 kPa[0m
[0;32mI (92824) APP_MAIN: Log salvo! Ar: 26.26 C / 62.67 %, Solo: 24.00 C / 0.00 %, Lux: 24.2, DPV: 1.274 kPa[0m
[0;32mI (103044) APP_MAIN: Log salvo! Ar: 26.26 C / 62.61 %, Solo: 23.94 C / 0.00 %, Lux: 23.3, DPV: 1.276 kPa[0m
[0;32mI (113044) APP_MAIN: Log salvo! Ar: 26.22 C / 62.63 %, Solo: 23.94 C / 0.00 %, Lux: 23.3, DPV: 1.273 kPa[0m
[0;32mI (123024) APP_MAIN: Log salvo! Ar: 26.20 C / 62.64 %, Solo: 23.94 C / 0.00 %, Lux: 22.5, DPV: 1.271 kPa[0m
[0;32mI (133014) APP_MAIN: Log salvo! Ar: 26.18 C / 62.71 %, Solo: 23.94 C / 0.00 %, Lux: 22.5, DPV: 1.267 kPa[0m
[0;32mI (143014) APP_MAIN: Log salvo! Ar: 26.14 C / 62.79 %, Solo: 23.94 C / 0.00 %, Lux: 21.7, DPV: 1.261 kPa[0m
[0;32mI (152994) APP_MAIN: Log salvo! Ar: 26.11 C / 62.87 %, Solo: 23.94 C / 0.00 %, Lux: 22.5, DPV: 1.256 kPa[0m
[0;32mI (162984) APP_MAIN: Log salvo! Ar: 26.07 C / 63.02 %, Solo: 23.94 C / 0.00 %, Lux: 20.8, DPV: 1.248 kPa[0m
[0;32mI (172744) APP_MAIN: Log salvo! Ar: 26.01 C / 63.12 %, Solo: 23.94 C / 0.00 %, Lux: 20.0, DPV: 1.240 kPa[0m
[0;32mI (182964) APP_MAIN: Log salvo! Ar: 25.96 C / 63.27 %, Solo: 23.94 C / 0.00 %, Lux: 20.0, DPV: 1.232 kPa[0m
[0;32mI (192954) APP_MAIN: Log salvo! Ar: 25.89 C / 63.48 %, Solo: 23.94 C / 0.00 %, Lux: 19.2, DPV: 1.220 kPa[0m
[0;32mI (202714) APP_MAIN: Log salvo! Ar: 25.87 C / 63.65 %, Solo: 23.94 C / 0.00 %, Lux: 21.7, DPV: 1.213 kPa[0m
[0;32mI (212934) APP_MAIN: Log salvo! Ar: 25.96 C / 63.71 %, Solo: 23.94 C / 0.00 %, Lux: 20.8, DPV: 1.217 kPa[0m
[0;32mI (222924) APP_MAIN: Log salvo! Ar: 25.93 C / 63.71 %, Solo: 23.94 C / 0.00 %, Lux: 19.2, DPV: 1.215 kPa[0m
[0;32mI (232684) APP_MAIN: Log salvo! Ar: 25.93 C / 63.85 %, Solo: 23.94 C / 0.00 %, Lux: 19.2, DPV: 1.210 kPa[0m
[0;32mI (242904) APP_MAIN: Log salvo! Ar: 25.92 C / 63.92 %, Solo: 23.94 C / 0.00 %, Lux: 19.2, DPV: 1.207 kPa[0m
[0;32mI (252894) APP_MAIN: Log salvo! Ar: 25.92 C / 64.07 %, Solo: 23.94 C / 0.00 %, Lux: 19.2, DPV: 1.202 kPa[0m
[0;32mI (262654) APP_MAIN: Log salvo! Ar: 26.04 C / 63.99 %, Solo: 23.94 C / 0.00 %, Lux: 19.2, DPV: 1.213 kPa[0m
[0;32mI (272874) APP_MAIN: Log salvo! Ar: 26.06 C / 63.86 %, Solo: 23.94 C / 0.00 %, Lux: 17.5, DPV: 1.219 kPa[0m
[0;32mI (282864) APP_MAIN: Log salvo! Ar: 26.03 C / 63.73 %, Solo: 23.94 C / 0.00 %, Lux: 19.2, DPV: 1.222 kPa[0m
[0;32mI (292624) APP_MAIN: Log salvo! Ar: 26.11 C / 63.68 %, Solo: 23.94 C / 0.00 %, Lux: 16.7, DPV: 1.229 kPa[0m
[0;32mI (302854) APP_MAIN: Log salvo! Ar: 26.11 C / 63.61 %, Solo: 24.00 C / 0.00 %, Lux: 16.7, DPV: 1.231 kPa[0m
[0;32mI (312834) APP_MAIN: Log salvo! Ar: 26.12 C / 63.55 %, Solo: 23.94 C / 0.00 %, Lux: 15.8, DPV: 1.234 kPa[0m
[0;32mI (322824) APP_MAIN: Log salvo! Ar: 26.08 C / 63.49 %, Solo: 23.94 C / 0.00 %, Lux: 19.2, DPV: 1.233 kPa[0m
[0;32mI (332834) APP_MAIN: Log salvo! Ar: 26.11 C / 63.52 %, Solo: 23.94 C / 0.00 %, Lux: 17.5, DPV: 1.234 kPa[0m
[0;32mI (342804) APP_MAIN: Log salvo! Ar: 26.09 C / 63.65 %, Solo: 23.94 C / 0.00 %, Lux: 19.2, DPV: 1.228 kPa[0m
[0;32mI (352794) APP_MAIN: Log salvo! Ar: 26.16 C / 63.63 %, Solo: 23.94 C / 0.00 %, Lux: 17.5, DPV: 1.235 kPa[0m
[0;32mI (362554) APP_MAIN: Log salvo! Ar: 26.17 C / 63.64 %, Solo: 23.94 C / 0.00 %, Lux: 15.8, DPV: 1.235 kPa[0m
[0;32mI (372774) APP_MAIN: Log salvo! Ar: 26.24 C / 63.56 %, Solo: 23.94 C / 0.00 %, Lux: 15.8, DPV: 1.242 kPa[0m
[0;32mI (382764) APP_MAIN: Log salvo! Ar: 26.21 C / 63.38 %, Solo: 23.94 C / 0.00 %, Lux: 15.8, DPV: 1.247 kPa[0m
[0;32mI (392754) APP_MAIN: Log salvo! Ar: 26.18 C / 63.26 %, Solo: 23.94 C / 0.00 %, Lux: 15.8, DPV: 1.248 kPa[0m
[0;32mI (402514) APP_MAIN: Log salvo! Ar: 26.20 C / 63.30 %, Solo: 23.94 C / 0.00 %, Lux: 10.0, DPV: 1.248 kPa[0m
[0;32mI (412734) APP_MAIN: Log salvo! Ar: 26.18 C / 63.30 %, Solo: 23.94 C / 0.00 %, Lux: 13.3, DPV: 1.247 kPa[0m
[0;32mI (422724) APP_MAIN: Log salvo! Ar: 26.16 C / 63.34 %, Solo: 23.94 C / 0.00 %, Lux: 13.3, DPV: 1.244 kPa[0m
